Copyright 1986-2014 Xilinx, Inc. All Rights Reserved.
-----------------------------------------------------------------------------------------------------------
| Tool Version : Vivado v.2014.2 (lin64) Build 932637 Wed Jun 11 13:08:52 MDT 2014
| Date         : Mon Apr 20 16:08:40 2015
| Host         : protoann0.eecs.utk.edu running 64-bit Red Hat Enterprise Linux Server release 7.0 (Maipo)
| Command      : report_control_sets -verbose -file top_level_control_sets_placed.rpt
| Design       : top_level
| Device       : xc7a100t
-----------------------------------------------------------------------------------------------------------

Control Set Information

Table of Contents
-----------------
1. Summary
2. Flip-Flop Distribution
3. Detailed Control Set Information

1. Summary
----------

+-------------------------------------------------------------------+-------+
|                               Status                              | Count |
+-------------------------------------------------------------------+-------+
| Number of unique control sets                                     |   233 |
| Minimum Number of register sites lost to control set restrictions |   120 |
+-------------------------------------------------------------------+-------+


2. Flip-Flop Distribution
-------------------------

+--------------+-----------------------+------------------------+-----------------+--------------+
| Clock Enable | Synchronous Set/Reset | Asynchronous Set/Reset | Total Registers | Total Slices |
+--------------+-----------------------+------------------------+-----------------+--------------+
| No           | No                    | No                     |             875 |          214 |
| No           | No                    | Yes                    |               0 |            0 |
| No           | Yes                   | No                     |              65 |           26 |
| Yes          | No                    | No                     |            5609 |         1381 |
| Yes          | No                    | Yes                    |               0 |            0 |
| Yes          | Yes                   | No                     |             203 |           59 |
+--------------+-----------------------+------------------------+-----------------+--------------+


3. Detailed Control Set Information
-----------------------------------

+--------------------------------+----------------------------------------------------------------------------------------------------------------+---------------------------------------------------------------------------------------------+------------------+----------------+
|          Clock Signal          |                                                  Enable Signal                                                 |                                       Set/Reset Signal                                      | Slice Load Count | Bel Load Count |
+--------------------------------+----------------------------------------------------------------------------------------------------------------+---------------------------------------------------------------------------------------------+------------------+----------------+
|  xlnx_opt__1                   | fft/U0/i_synth/axi_wrapper/ce_w2c                                                                              | fft/U0/i_synth/axi_wrapper/O6[0]                                                            |                1 |              1 |
|  vga_comp/clk_wiz/U0/clk_25out |                                                                                                                |                                                                                             |                2 |              3 |
|  xlnx_opt__1                   |                                                                                                                | fft/U0/i_synth/axi_wrapper/sclr_w2c                                                         |                2 |              3 |
|  xlnx_opt__1                   | fft/U0/i_synth/axi_wrapper/E[0]                                                                                | fft/U0/i_synth/axi_wrapper/i_nfft_rst                                                       |                1 |              3 |
|  xlnx_opt__1                   | fft/U0/i_synth/axi_wrapper/p_1_in                                                                              | fft/U0/i_synth/xfft_inst/non_floating_point.arch_b.xfft_inst/control/control/O2             |                2 |              4 |
|  xlnx_opt__1                   | fft/U0/i_synth/axi_wrapper/ce_w2c                                                                              | fft/U0/i_synth/xfft_inst/non_floating_point.arch_b.xfft_inst/control/delay_line4_for_rfd/O5 |                1 |              4 |
|  xlnx_opt__1                   | n_0_counter[7]_i_2                                                                                             | n_0_counter[7]_i_1                                                                          |                1 |              4 |
|  xlnx_opt__1                   | n_0_counter[7]_i_2                                                                                             | n_0_counter[6]_i_1                                                                          |                1 |              4 |
|  xlnx_opt__1                   | n_0_addr[9]_i_2                                                                                                | n_0_addr[9]_i_1                                                                             |                1 |              4 |
|  xlnx_opt__1                   | n_0_FSM_onehot_s_curr[17]_i_1                                                                                  | n_0_FSM_onehot_s_curr[5]_i_1                                                                |                3 |              4 |
|  xlnx_opt__1                   | fft/U0/i_synth/axi_wrapper/data_in_channel_fifo/E[0]                                                           | fft/U0/i_synth/axi_wrapper/reset_pipe[1]                                                    |                2 |              5 |
|  xlnx_opt__1                   | fft/U0/i_synth/axi_wrapper/config_channel_fifo/gen_non_real_time.data_in_fifo_pt1/wr_enable                    |                                                                                             |                1 |              6 |
|  xlnx_opt__1                   | n_0_addr[9]_i_2                                                                                                | n_0_addr[8]_i_1                                                                             |                1 |              6 |
|  xlnx_opt__1                   | fft/U0/i_synth/axi_wrapper/E[0]                                                                                | fft/U0/i_synth/axi_wrapper/reset_pipe[1]                                                    |                2 |              6 |
|  xlnx_opt__1                   | fft/U0/i_synth/axi_wrapper/ce_w2c                                                                              | fft/U0/i_synth/axi_wrapper/sclr_or_nfft_we5_out                                             |                3 |              7 |
|  xlnx_opt__1                   | fft/U0/i_synth/xfft_inst/non_floating_point.arch_b.xfft_inst/control/control/processing_state/ce_pedelay       | fft/U0/i_synth/axi_wrapper/sclr_or_nfft_we5_out                                             |                3 |              7 |
|  xlnx_opt__1                   | n_0_barHeightsWrk[44][7]_i_1                                                                                   |                                                                                             |                3 |              8 |
|  xlnx_opt__1                   | n_0_barHeightsWrk[51][7]_i_1                                                                                   |                                                                                             |                1 |              8 |
|  xlnx_opt__1                   | n_0_barHeightsWrk[43][7]_i_1                                                                                   |                                                                                             |                3 |              8 |
|  xlnx_opt__1                   | n_0_barHeightsWrk[42][7]_i_1                                                                                   |                                                                                             |                4 |              8 |
|  xlnx_opt__1                   | n_0_barHeightsWrk[41][7]_i_1                                                                                   |                                                                                             |                3 |              8 |
|  xlnx_opt__1                   | n_0_barHeightsWrk[40][7]_i_1                                                                                   |                                                                                             |                2 |              8 |
|  xlnx_opt__1                   | n_0_barHeightsWrk[3][7]_i_1                                                                                    |                                                                                             |                2 |              8 |
|  xlnx_opt__1                   | n_0_barHeightsWrk[39][7]_i_1                                                                                   |                                                                                             |                1 |              8 |
|  xlnx_opt__1                   | n_0_barHeightsWrk[38][7]_i_1                                                                                   |                                                                                             |                2 |              8 |
|  xlnx_opt__1                   | n_0_barHeightsWrk[37][7]_i_1                                                                                   |                                                                                             |                1 |              8 |
|  xlnx_opt__1                   | n_0_barHeightsWrk[36][7]_i_1                                                                                   |                                                                                             |                4 |              8 |
|  xlnx_opt__1                   | n_0_barHeightsWrk[35][7]_i_1                                                                                   |                                                                                             |                2 |              8 |
|  xlnx_opt__1                   | n_0_barHeightsWrk[34][7]_i_1                                                                                   |                                                                                             |                2 |              8 |
|  xlnx_opt__1                   | n_0_barHeightsWrk[33][7]_i_1                                                                                   |                                                                                             |                2 |              8 |
|  xlnx_opt__1                   | n_0_barHeightsWrk[45][7]_i_1                                                                                   |                                                                                             |                3 |              8 |
|  xlnx_opt__1                   | n_0_barHeightsWrk[46][7]_i_1                                                                                   |                                                                                             |                1 |              8 |
|  xlnx_opt__1                   | n_0_barHeightsWrk[47][7]_i_1                                                                                   |                                                                                             |                1 |              8 |
|  xlnx_opt__1                   | n_0_barHeightsWrk[48][7]_i_1                                                                                   |                                                                                             |                2 |              8 |
|  xlnx_opt__1                   | n_0_barHeightsWrk[49][7]_i_1                                                                                   |                                                                                             |                3 |              8 |
|  xlnx_opt__1                   | n_0_barHeightsWrk[4][7]_i_1                                                                                    |                                                                                             |                2 |              8 |
|  xlnx_opt__1                   | n_0_barHeightsWrk[50][7]_i_1                                                                                   |                                                                                             |                2 |              8 |
|  xlnx_opt__1                   | n_0_barHeightsWrk[25][7]_i_1                                                                                   |                                                                                             |                2 |              8 |
|  xlnx_opt__1                   | n_0_barHeightsWrk[52][7]_i_1                                                                                   |                                                                                             |                4 |              8 |
|  xlnx_opt__1                   | n_0_barHeightsWrk[53][7]_i_1                                                                                   |                                                                                             |                2 |              8 |
|  xlnx_opt__1                   | n_0_barHeightsWrk[54][7]_i_1                                                                                   |                                                                                             |                2 |              8 |
|  xlnx_opt__1                   | n_0_barHeightsWrk[55][7]_i_1                                                                                   |                                                                                             |                4 |              8 |
|  xlnx_opt__1                   | n_0_barHeightsWrk[56][7]_i_1                                                                                   |                                                                                             |                3 |              8 |
|  xlnx_opt__1                   | n_0_barHeightsWrk[20][7]_i_1                                                                                   |                                                                                             |                1 |              8 |
|  xlnx_opt__1                   | disp_draw_inst/mag_inst/magSqRt/U0/i_synth/i_synth/gen_sqrt.square_root/gen_rdy_int/O1                         |                                                                                             |                5 |              8 |
|  xlnx_opt__1                   | n_0_barHeightsWrk[0][7]_i_1                                                                                    |                                                                                             |                4 |              8 |
|  xlnx_opt__1                   | n_0_barHeightsWrk[10][7]_i_1                                                                                   |                                                                                             |                3 |              8 |
|  xlnx_opt__1                   | n_0_barHeightsWrk[11][7]_i_1                                                                                   |                                                                                             |                3 |              8 |
|  xlnx_opt__1                   | n_0_barHeightsWrk[12][7]_i_1                                                                                   |                                                                                             |                1 |              8 |
|  xlnx_opt__1                   | n_0_barHeightsWrk[13][7]_i_1                                                                                   |                                                                                             |                1 |              8 |
|  xlnx_opt__1                   | n_0_barHeightsWrk[15][7]_i_1                                                                                   |                                                                                             |                3 |              8 |
|  xlnx_opt__1                   | n_0_barHeightsWrk[16][7]_i_1                                                                                   |                                                                                             |                1 |              8 |
|  xlnx_opt__1                   | n_0_barHeightsWrk[17][7]_i_1                                                                                   |                                                                                             |                3 |              8 |
|  xlnx_opt__1                   | n_0_barHeightsWrk[18][7]_i_1                                                                                   |                                                                                             |                1 |              8 |
|  xlnx_opt__1                   | n_0_barHeightsWrk[19][7]_i_1                                                                                   |                                                                                             |                3 |              8 |
|  xlnx_opt__1                   | n_0_barHeightsWrk[1][7]_i_1                                                                                    |                                                                                             |                3 |              8 |
|  xlnx_opt__1                   | n_0_barHeightsWrk[32][7]_i_1                                                                                   |                                                                                             |                1 |              8 |
|  xlnx_opt__1                   | n_0_barHeightsWrk[21][7]_i_1                                                                                   |                                                                                             |                2 |              8 |
|  xlnx_opt__1                   | n_0_barHeightsWrk[22][7]_i_1                                                                                   |                                                                                             |                3 |              8 |
|  xlnx_opt__1                   | n_0_barHeightsWrk[23][7]_i_1                                                                                   |                                                                                             |                2 |              8 |
|  xlnx_opt__1                   | n_0_barHeightsWrk[24][7]_i_1                                                                                   |                                                                                             |                3 |              8 |
|  xlnx_opt__1                   | n_0_barHeightsWrk[14][7]_i_1                                                                                   |                                                                                             |                3 |              8 |
|  xlnx_opt__1                   | n_0_barHeightsWrk[26][7]_i_1                                                                                   |                                                                                             |                4 |              8 |
|  xlnx_opt__1                   | n_0_barHeightsWrk[27][7]_i_1                                                                                   |                                                                                             |                3 |              8 |
|  xlnx_opt__1                   | n_0_barHeightsWrk[28][7]_i_1                                                                                   |                                                                                             |                2 |              8 |
|  xlnx_opt__1                   | n_0_barHeightsWrk[29][7]_i_1                                                                                   |                                                                                             |                2 |              8 |
|  xlnx_opt__1                   | n_0_barHeightsWrk[2][7]_i_1                                                                                    |                                                                                             |                2 |              8 |
|  xlnx_opt__1                   | n_0_barHeightsWrk[30][7]_i_1                                                                                   |                                                                                             |                2 |              8 |
|  xlnx_opt__1                   | n_0_barHeightsWrk[31][7]_i_1                                                                                   |                                                                                             |                2 |              8 |
|  xlnx_opt__1                   | n_0_barHeightsWrk[58][7]_i_1                                                                                   |                                                                                             |                1 |              8 |
|  xlnx_opt__1                   | n_0_barHeightsWrk[59][7]_i_1                                                                                   |                                                                                             |                2 |              8 |
|  xlnx_opt__1                   | n_0_barHeightsWrk[5][7]_i_1                                                                                    |                                                                                             |                3 |              8 |
|  xlnx_opt__1                   | n_0_barHeightsWrk[60][7]_i_1                                                                                   |                                                                                             |                1 |              8 |
|  xlnx_opt__1                   | n_0_barHeightsWrk[61][7]_i_1                                                                                   |                                                                                             |                3 |              8 |
|  xlnx_opt__1                   | n_0_barHeightsWrk[62][7]_i_1                                                                                   |                                                                                             |                3 |              8 |
|  xlnx_opt__1                   | n_0_barHeightsWrk[63][7]_i_1                                                                                   |                                                                                             |                2 |              8 |
|  xlnx_opt__1                   | n_0_barHeightsWrk[6][7]_i_1                                                                                    |                                                                                             |                3 |              8 |
|  xlnx_opt__1                   | n_0_barHeightsWrk[7][7]_i_1                                                                                    |                                                                                             |                1 |              8 |
|  xlnx_opt__1                   | n_0_barHeightsWrk[8][7]_i_1                                                                                    |                                                                                             |                2 |              8 |
|  xlnx_opt__1                   | n_0_barHeightsWrk[9][7]_i_1                                                                                    |                                                                                             |                1 |              8 |
|  xlnx_opt__1                   | n_0_barHeightsWrk[57][7]_i_1                                                                                   |                                                                                             |                4 |              8 |
|  vga_comp/clk_wiz/U0/clk_25out |                                                                                                                | n_0_red[3]_i_1                                                                              |                3 |              9 |
|  xlnx_opt__1                   |                                                                                                                | n_0_ram1_max_addr[9]_i_1                                                                    |                3 |             10 |
|  xlnx_opt__1                   | n_0_ram2_addra_s[9]_i_1                                                                                        |                                                                                             |                4 |             10 |
|  xlnx_opt__1                   | fft/U0/i_synth/xfft_inst/non_floating_point.arch_b.xfft_inst/control/control/processing_state/O1               | fft/U0/i_synth/axi_wrapper/sclr_or_nfft_we_or_loading                                       |                4 |             11 |
|  vga_comp/clk_wiz/U0/clk_25out |                                                                                                                | vga_comp/vga_cont/eqOp                                                                      |                3 |             11 |
|  vga_comp/clk_wiz/U0/clk_25out | vga_comp/vga_cont/eqOp                                                                                         | n_0_vcounter[10]_i_1                                                                        |                2 |             11 |
|  xlnx_opt__1                   | fft/U0/i_synth/axi_wrapper/n_2049_symbols_out_remaining[0]_i_1                                                 | fft/U0/i_synth/axi_wrapper/reset_pipe[1]                                                    |                3 |             12 |
|  xlnx_opt__1                   | n_0_FSM_onehot_s_curr[17]_i_1                                                                                  |                                                                                             |                7 |             13 |
|  xlnx_opt__1                   | fft_fsm/p_0_out                                                                                                |                                                                                             |                2 |             13 |
|  xlnx_opt__1                   | n_0_clk_counter[12]_i_1                                                                                        |                                                                                             |                4 |             13 |
|  xlnx_opt__1                   | fft/U0/i_synth/xfft_inst/non_floating_point.arch_b.xfft_inst/control/control/loading_state/xn_index_counter_ce | fft/U0/i_synth/axi_wrapper/sclr_or_nfft_we5_out                                             |                4 |             14 |
|  xlnx_opt__1                   | fft/U0/i_synth/axi_wrapper/xk_index_counter_ce                                                                 | fft/U0/i_synth/axi_wrapper/sclr_or_nfft_we5_out                                             |                4 |             14 |
|  xlnx_opt__1                   | n_0_tmp[54][15]_i_1                                                                                            |                                                                                             |                5 |             16 |
|  xlnx_opt__1                   | n_0_tmp[43][15]_i_1                                                                                            |                                                                                             |                4 |             16 |
|  xlnx_opt__1                   | n_0_tmp[42][15]_i_1                                                                                            |                                                                                             |                5 |             16 |
|  xlnx_opt__1                   | n_0_tmp[41][15]_i_1                                                                                            |                                                                                             |                4 |             16 |
|  xlnx_opt__1                   | n_0_tmp[40][15]_i_1                                                                                            |                                                                                             |                3 |             16 |
|  xlnx_opt__1                   | n_0_tmp[3][15]_i_1                                                                                             |                                                                                             |                6 |             16 |
|  xlnx_opt__1                   | n_0_tmp[44][15]_i_1                                                                                            |                                                                                             |                4 |             16 |
|  xlnx_opt__1                   | n_0_tmp[39][15]_i_1                                                                                            |                                                                                             |                4 |             16 |
|  xlnx_opt__1                   | n_0_tmp[38][15]_i_1                                                                                            |                                                                                             |                4 |             16 |
|  xlnx_opt__1                   | n_0_tmp[37][15]_i_1                                                                                            |                                                                                             |                4 |             16 |
|  xlnx_opt__1                   | n_0_tmp[36][15]_i_1                                                                                            |                                                                                             |                2 |             16 |
|  xlnx_opt__1                   | n_0_tmp[35][15]_i_1                                                                                            |                                                                                             |                5 |             16 |
|  xlnx_opt__1                   | n_0_tmp[34][15]_i_1                                                                                            |                                                                                             |                5 |             16 |
|  xlnx_opt__1                   | n_0_tmp[33][15]_i_1                                                                                            |                                                                                             |                4 |             16 |
|  xlnx_opt__1                   | n_0_tmp[45][15]_i_1                                                                                            |                                                                                             |                5 |             16 |
|  xlnx_opt__1                   | n_0_tmp[46][15]_i_1                                                                                            |                                                                                             |                4 |             16 |
|  xlnx_opt__1                   | n_0_tmp[47][15]_i_1                                                                                            |                                                                                             |                5 |             16 |
|  xlnx_opt__1                   | n_0_tmp[48][15]_i_1                                                                                            |                                                                                             |                4 |             16 |
|  xlnx_opt__1                   | n_0_tmp[49][15]_i_1                                                                                            |                                                                                             |                5 |             16 |
|  xlnx_opt__1                   | n_0_tmp[4][15]_i_1                                                                                             |                                                                                             |                7 |             16 |
|  xlnx_opt__1                   | n_0_tmp[50][15]_i_1                                                                                            |                                                                                             |                3 |             16 |
|  xlnx_opt__1                   | n_0_tmp[51][15]_i_1                                                                                            |                                                                                             |                3 |             16 |
|  xlnx_opt__1                   | n_0_tmp[52][15]_i_1                                                                                            |                                                                                             |                4 |             16 |
|  xlnx_opt__1                   | n_0_tmp[53][15]_i_1                                                                                            |                                                                                             |                3 |             16 |
|  xlnx_opt__1                   | n_0_tmp[23][15]_i_1                                                                                            |                                                                                             |                3 |             16 |
|  xlnx_opt__1                   | n_0_tmp[55][15]_i_1                                                                                            |                                                                                             |                6 |             16 |
|  xlnx_opt__1                   | n_0_tmp[56][15]_i_1                                                                                            |                                                                                             |                3 |             16 |
|  xlnx_opt__1                   | n_0_tmp[57][15]_i_1                                                                                            |                                                                                             |                5 |             16 |
|  xlnx_opt__1                   | n_0_tmp[58][15]_i_1                                                                                            |                                                                                             |                4 |             16 |
|  xlnx_opt__1                   | n_0_tmp[18][15]_i_1                                                                                            |                                                                                             |                5 |             16 |
|  xlnx_opt__1                   | n_0_avgIn[31][15]_i_1                                                                                          |                                                                                             |                8 |             16 |
|  xlnx_opt__1                   | n_0_avgIn[30][15]_i_1                                                                                          |                                                                                             |                6 |             16 |
|  xlnx_opt__1                   | n_0_avgIn[2][15]_i_1                                                                                           |                                                                                             |                7 |             16 |
|  xlnx_opt__1                   | n_0_tmp[7][15]_i_1                                                                                             |                                                                                             |                2 |             16 |
|  xlnx_opt__1                   | n_0_tmp[8][15]_i_1                                                                                             |                                                                                             |                7 |             16 |
|  xlnx_opt__1                   | n_0_tmp[9][15]_i_1                                                                                             |                                                                                             |                5 |             16 |
|  xlnx_opt__1                   | n_0_tmp[0][15]_i_1                                                                                             |                                                                                             |                3 |             16 |
|  xlnx_opt__1                   | n_0_tmp[10][15]_i_1                                                                                            |                                                                                             |                4 |             16 |
|  xlnx_opt__1                   | n_0_tmp[11][15]_i_1                                                                                            |                                                                                             |                4 |             16 |
|  xlnx_opt__1                   | n_0_tmp[12][15]_i_1                                                                                            |                                                                                             |                3 |             16 |
|  xlnx_opt__1                   | n_0_tmp[13][15]_i_1                                                                                            |                                                                                             |                4 |             16 |
|  xlnx_opt__1                   | n_0_tmp[14][15]_i_1                                                                                            |                                                                                             |                5 |             16 |
|  xlnx_opt__1                   | n_0_tmp[15][15]_i_1                                                                                            |                                                                                             |                5 |             16 |
|  xlnx_opt__1                   | n_0_tmp[16][15]_i_1                                                                                            |                                                                                             |                3 |             16 |
|  xlnx_opt__1                   | n_0_tmp[17][15]_i_1                                                                                            |                                                                                             |                5 |             16 |
|  xlnx_opt__1                   | n_0_tmp[32][15]_i_1                                                                                            |                                                                                             |                4 |             16 |
|  xlnx_opt__1                   | n_0_tmp[19][15]_i_1                                                                                            |                                                                                             |                3 |             16 |
|  xlnx_opt__1                   | n_0_tmp[1][15]_i_1                                                                                             |                                                                                             |                6 |             16 |
|  xlnx_opt__1                   | n_0_tmp[20][15]_i_1                                                                                            |                                                                                             |                5 |             16 |
|  xlnx_opt__1                   | n_0_tmp[21][15]_i_1                                                                                            |                                                                                             |                5 |             16 |
|  xlnx_opt__1                   | n_0_tmp[22][15]_i_1                                                                                            |                                                                                             |                3 |             16 |
|  xlnx_opt__1                   | n_0_tmp[60][15]_i_1                                                                                            |                                                                                             |                5 |             16 |
|  xlnx_opt__1                   | n_0_tmp[24][15]_i_1                                                                                            |                                                                                             |                5 |             16 |
|  xlnx_opt__1                   | n_0_tmp[25][15]_i_1                                                                                            |                                                                                             |                4 |             16 |
|  xlnx_opt__1                   | n_0_tmp[26][15]_i_1                                                                                            |                                                                                             |                6 |             16 |
|  xlnx_opt__1                   | n_0_tmp[27][15]_i_1                                                                                            |                                                                                             |                5 |             16 |
|  xlnx_opt__1                   | n_0_tmp[28][15]_i_1                                                                                            |                                                                                             |                4 |             16 |
|  xlnx_opt__1                   | n_0_tmp[29][15]_i_1                                                                                            |                                                                                             |                4 |             16 |
|  xlnx_opt__1                   | n_0_tmp[2][15]_i_1                                                                                             |                                                                                             |                5 |             16 |
|  xlnx_opt__1                   | n_0_tmp[30][15]_i_1                                                                                            |                                                                                             |                5 |             16 |
|  xlnx_opt__1                   | n_0_tmp[31][15]_i_1                                                                                            |                                                                                             |                6 |             16 |
|  xlnx_opt__1                   | n_0_avgIn[33][15]_i_1                                                                                          |                                                                                             |                6 |             16 |
|  xlnx_opt__1                   | n_0_avgIn[48][15]_i_1                                                                                          |                                                                                             |                5 |             16 |
|  xlnx_opt__1                   | n_0_avgIn[49][15]_i_1                                                                                          |                                                                                             |                5 |             16 |
|  xlnx_opt__1                   | n_0_avgIn[4][15]_i_1                                                                                           |                                                                                             |                5 |             16 |
|  xlnx_opt__1                   | n_0_avgIn[50][15]_i_1                                                                                          |                                                                                             |                4 |             16 |
|  xlnx_opt__1                   | n_0_avgIn[51][15]_i_1                                                                                          |                                                                                             |                5 |             16 |
|  xlnx_opt__1                   | n_0_avgIn[52][15]_i_1                                                                                          |                                                                                             |                5 |             16 |
|  xlnx_opt__1                   | n_0_avgIn[53][15]_i_1                                                                                          |                                                                                             |                4 |             16 |
|  xlnx_opt__1                   | n_0_avgIn[32][15]_i_1                                                                                          |                                                                                             |                6 |             16 |
|  xlnx_opt__1                   | n_0_avgIn[47][15]_i_1                                                                                          |                                                                                             |                5 |             16 |
|  xlnx_opt__1                   | n_0_avgIn[34][15]_i_1                                                                                          |                                                                                             |                5 |             16 |
|  xlnx_opt__1                   | n_0_avgIn[35][15]_i_1                                                                                          |                                                                                             |                4 |             16 |
|  xlnx_opt__1                   | n_0_avgIn[36][15]_i_1                                                                                          |                                                                                             |                5 |             16 |
|  xlnx_opt__1                   | n_0_avgIn[37][15]_i_1                                                                                          |                                                                                             |                5 |             16 |
|  xlnx_opt__1                   | n_0_avgIn[38][15]_i_1                                                                                          |                                                                                             |                5 |             16 |
|  xlnx_opt__1                   | n_0_avgIn[39][15]_i_1                                                                                          |                                                                                             |                6 |             16 |
|  xlnx_opt__1                   | n_0_avgIn[3][15]_i_1                                                                                           |                                                                                             |                6 |             16 |
|  xlnx_opt__1                   | n_0_avgIn[61][15]_i_1                                                                                          |                                                                                             |                5 |             16 |
|  xlnx_opt__1                   | n_0_avgIn[54][15]_i_1                                                                                          |                                                                                             |                6 |             16 |
|  xlnx_opt__1                   | n_0_avgIn[55][15]_i_1                                                                                          |                                                                                             |                6 |             16 |
|  xlnx_opt__1                   | n_0_avgIn[56][15]_i_1                                                                                          |                                                                                             |                5 |             16 |
|  xlnx_opt__1                   | n_0_avgIn[57][15]_i_1                                                                                          |                                                                                             |                5 |             16 |
|  xlnx_opt__1                   | n_0_avgIn[58][15]_i_1                                                                                          |                                                                                             |                5 |             16 |
|  xlnx_opt__1                   | n_0_avgIn[59][15]_i_1                                                                                          |                                                                                             |                7 |             16 |
|  xlnx_opt__1                   | n_0_avgIn[5][15]_i_1                                                                                           |                                                                                             |                4 |             16 |
|  xlnx_opt__1                   | n_0_avgIn[60][15]_i_1                                                                                          |                                                                                             |                5 |             16 |
|  xlnx_opt__1                   | n_0_tmp[59][15]_i_1                                                                                            |                                                                                             |                4 |             16 |
|  xlnx_opt__1                   | n_0_avgIn[62][15]_i_1                                                                                          |                                                                                             |                7 |             16 |
|  xlnx_opt__1                   | n_0_avgIn[63][15]_i_1                                                                                          |                                                                                             |                5 |             16 |
|  xlnx_opt__1                   | n_0_avgIn[6][15]_i_1                                                                                           |                                                                                             |                4 |             16 |
|  xlnx_opt__1                   | n_0_avgIn[43][15]_i_1                                                                                          |                                                                                             |                6 |             16 |
|  xlnx_opt__1                   | n_0_avgIn[44][15]_i_1                                                                                          |                                                                                             |                6 |             16 |
|  xlnx_opt__1                   | n_0_avgIn[45][15]_i_1                                                                                          |                                                                                             |                6 |             16 |
|  xlnx_opt__1                   | n_0_avgIn[46][15]_i_1                                                                                          |                                                                                             |                5 |             16 |
|  xlnx_opt__1                   | n_0_avgIn[10][15]_i_1                                                                                          |                                                                                             |                5 |             16 |
|  xlnx_opt__1                   | n_0_avgIn[18][15]_i_1                                                                                          |                                                                                             |                6 |             16 |
|  xlnx_opt__1                   | n_0_avgIn[17][15]_i_1                                                                                          |                                                                                             |                6 |             16 |
|  xlnx_opt__1                   | n_0_avgIn[16][15]_i_1                                                                                          |                                                                                             |                5 |             16 |
|  xlnx_opt__1                   | n_0_avgIn[15][15]_i_1                                                                                          |                                                                                             |                6 |             16 |
|  xlnx_opt__1                   | n_0_avgIn[14][15]_i_1                                                                                          |                                                                                             |                4 |             16 |
|  xlnx_opt__1                   | n_0_avgIn[13][15]_i_1                                                                                          |                                                                                             |                7 |             16 |
|  xlnx_opt__1                   | n_0_avgIn[12][15]_i_1                                                                                          |                                                                                             |                5 |             16 |
|  xlnx_opt__1                   | n_0_avgIn[11][15]_i_1                                                                                          |                                                                                             |                5 |             16 |
|  xlnx_opt__1                   | n_0_avgIn[40][15]_i_1                                                                                          |                                                                                             |                5 |             16 |
|  xlnx_opt__1                   | n_0_avgIn[0][15]_i_1                                                                                           |                                                                                             |                6 |             16 |
|  xlnx_opt__1                   | n_0_imagVal[15]_i_1                                                                                            |                                                                                             |                3 |             16 |
|  xlnx_opt__1                   | n_0_tmp[6][15]_i_1                                                                                             |                                                                                             |                3 |             16 |
|  xlnx_opt__1                   | n_0_tmp[63][15]_i_1                                                                                            |                                                                                             |                4 |             16 |
|  xlnx_opt__1                   | n_0_tmp[62][15]_i_1                                                                                            |                                                                                             |                8 |             16 |
|  xlnx_opt__1                   | n_0_tmp[61][15]_i_1                                                                                            |                                                                                             |                5 |             16 |
|  xlnx_opt__1                   | n_0_tmp[5][15]_i_1                                                                                             |                                                                                             |                5 |             16 |
|  xlnx_opt__1                   | n_0_avgIn[41][15]_i_1                                                                                          |                                                                                             |                5 |             16 |
|  xlnx_opt__1                   | n_0_avgIn[23][15]_i_1                                                                                          |                                                                                             |                5 |             16 |
|  xlnx_opt__1                   | n_0_avgIn[9][15]_i_1                                                                                           |                                                                                             |                5 |             16 |
|  xlnx_opt__1                   | n_0_avgIn[8][15]_i_1                                                                                           |                                                                                             |                5 |             16 |
|  xlnx_opt__1                   | n_0_avgIn[19][15]_i_1                                                                                          |                                                                                             |                6 |             16 |
|  xlnx_opt__1                   | n_0_avgIn[22][15]_i_1                                                                                          |                                                                                             |                4 |             16 |
|  xlnx_opt__1                   | n_0_avgIn[7][15]_i_1                                                                                           |                                                                                             |                4 |             16 |
|  xlnx_opt__1                   | n_0_avgIn[21][15]_i_1                                                                                          |                                                                                             |                6 |             16 |
|  xlnx_opt__1                   | n_0_avgIn[42][15]_i_1                                                                                          |                                                                                             |                6 |             16 |
|  xlnx_opt__1                   | n_0_avgIn[25][15]_i_1                                                                                          |                                                                                             |                6 |             16 |
|  xlnx_opt__1                   | n_0_avgIn[26][15]_i_1                                                                                          |                                                                                             |                7 |             16 |
|  xlnx_opt__1                   | n_0_avgIn[27][15]_i_1                                                                                          |                                                                                             |                5 |             16 |
|  xlnx_opt__1                   | n_0_avgIn[28][15]_i_1                                                                                          |                                                                                             |                6 |             16 |
|  xlnx_opt__1                   | n_0_avgIn[29][15]_i_1                                                                                          |                                                                                             |                6 |             16 |
|  xlnx_opt__1                   | n_0_avgIn[24][15]_i_1                                                                                          |                                                                                             |                6 |             16 |
|  xlnx_opt__1                   | n_0_avgIn[20][15]_i_1                                                                                          |                                                                                             |                6 |             16 |
|  xlnx_opt__1                   | n_0_avgIn[1][15]_i_1                                                                                           |                                                                                             |                5 |             16 |
|  xlnx_opt__1                   | fft/U0/i_synth/axi_wrapper/ce_w2c                                                                              | fft/U0/i_synth/axi_wrapper/reset_pipe[1]                                                    |                8 |             18 |
|  xlnx_opt__1                   | n_0_realVal[15]_i_1                                                                                            |                                                                                             |                5 |             22 |
|  xlnx_opt__1                   |                                                                                                                | fft/U0/i_synth/axi_wrapper/reset_pipe[1]                                                    |               15 |             32 |
|  xlnx_opt__1                   | fft/U0/i_synth/axi_wrapper/data_in_channel_fifo/gen_non_real_time.data_in_fifo_pt1/wr_enable                   |                                                                                             |                4 |             32 |
|  xlnx_opt__1                   | fft/U0/i_synth/axi_wrapper/data_in_channel_fifo/gen_non_real_time.data_in_fifo_pt1/E[0]                        | fft/U0/i_synth/axi_wrapper/reset_pipe[1]                                                    |                6 |             32 |
|  xlnx_opt__1                   | fft/U0/i_synth/axi_wrapper/data_in_channel_fifo/gen_non_real_time.data_in_fifo_pt1/O1[0]                       | fft/U0/i_synth/axi_wrapper/reset_pipe[1]                                                    |                6 |             32 |
|  xlnx_opt__1                   | fft/U0/i_synth/axi_wrapper/data_out_channel/data_out_fifo_write                                                |                                                                                             |                5 |             33 |
|  xlnx_opt__1                   | fft/U0/i_synth/xfft_inst/non_floating_point.arch_b.xfft_inst/control/delay_line_for_rd_en_process/i_sw_en      |                                                                                             |               43 |            128 |
|  xlnx_opt__1                   |                                                                                                                |                                                                                             |              103 |            368 |
|  VGA_trig_BUFG                 |                                                                                                                |                                                                                             |              111 |            512 |
|  xlnx_opt__1                   | fft/U0/i_synth/axi_wrapper/ce_w2c                                                                              |                                                                                             |              583 |           3104 |
+--------------------------------+----------------------------------------------------------------------------------------------------------------+---------------------------------------------------------------------------------------------+------------------+----------------+


