Copyright 1986-2014 Xilinx, Inc. All Rights Reserved.
------------------------------------------------------------------------------------------------------------
| Tool Version : Vivado v.2014.2 (lin64) Build 932637 Wed Jun 11 13:08:52 MDT 2014
| Date         : Wed Apr 22 17:21:02 2015
| Host         : com1549.eecs.utk.edu running 64-bit Red Hat Enterprise Linux Server release 6.5 (Santiago)
| Command      : report_control_sets -verbose -file top_level_control_sets_placed.rpt
| Design       : top_level
| Device       : xc7a100t
------------------------------------------------------------------------------------------------------------

Control Set Information

Table of Contents
-----------------
1. Summary
2. Flip-Flop Distribution
3. Detailed Control Set Information

1. Summary
----------

+-------------------------------------------------------------------+-------+
|                               Status                              | Count |
+-------------------------------------------------------------------+-------+
| Number of unique control sets                                     |   266 |
| Minimum Number of register sites lost to control set restrictions |   371 |
+-------------------------------------------------------------------+-------+


2. Flip-Flop Distribution
-------------------------

+--------------+-----------------------+------------------------+-----------------+--------------+
| Clock Enable | Synchronous Set/Reset | Asynchronous Set/Reset | Total Registers | Total Slices |
+--------------+-----------------------+------------------------+-----------------+--------------+
| No           | No                    | No                     |            1280 |          347 |
| No           | No                    | Yes                    |              12 |            9 |
| No           | Yes                   | No                     |             131 |           46 |
| Yes          | No                    | No                     |            5557 |         1416 |
| Yes          | No                    | Yes                    |              36 |           11 |
| Yes          | Yes                   | No                     |             421 |          117 |
+--------------+-----------------------+------------------------+-----------------+--------------+


3. Detailed Control Set Information
-----------------------------------

+--------------------------------+----------------------------------------------------------------------------------------------------------------+---------------------------------------------------------------------------------------------+------------------+----------------+
|          Clock Signal          |                                                  Enable Signal                                                 |                                       Set/Reset Signal                                      | Slice Load Count | Bel Load Count |
+--------------------------------+----------------------------------------------------------------------------------------------------------------+---------------------------------------------------------------------------------------------+------------------+----------------+
|  xlnx_opt__18                  | fft/U0/i_synth/axi_wrapper/ce_w2c                                                                              | fft/U0/i_synth/axi_wrapper/O6[0]                                                            |                1 |              1 |
|  clk_debug/U0/clk_out3         |                                                                                                                |                                                                                             |                1 |              1 |
|  vga_comp/vga_cont/O1          |                                                                                                                |                                                                                             |                1 |              2 |
|  vga_comp/clk_wiz/U0/clk_25out |                                                                                                                |                                                                                             |                2 |              3 |
|  xlnx_opt__18                  |                                                                                                                | fft/U0/i_synth/axi_wrapper/sclr_w2c                                                         |                2 |              3 |
|  xlnx_opt__18                  | fft/U0/i_synth/axi_wrapper/E[0]                                                                                | fft/U0/i_synth/axi_wrapper/i_nfft_rst                                                       |                1 |              3 |
|  xlnx_opt__18                  | vga_comp/vga_disp/Accel_inst/Accel_Calculation/Magnitude_Calculation/sig000001c2                               |                                                                                             |                2 |              4 |
|  xlnx_opt__18                  |                                                                                                                | vga_comp/vga_disp/colorSelLatch[1]                                                          |                1 |              4 |
|  xlnx_opt__18                  |                                                                                                                | vga_comp/vga_disp/Accel_inst/Accel_Calculation/n_0_ACCEL_Y_CLIP[8]_i_1                      |                1 |              4 |
|  xlnx_opt__18                  |                                                                                                                | vga_comp/vga_disp/Accel_inst/Accel_Calculation/n_0_ACCEL_X_CLIP[8]_i_1                      |                1 |              4 |
|  xlnx_opt__18                  | vga_comp/vga_disp/Accel_inst/ADXL_Control/Q[0]                                                                 | vga_comp/vga_disp/Accel_inst/ADXL_Control/Reset_Cnt_Num_Reads                               |                1 |              4 |
|  xlnx_opt__18                  | fft/U0/i_synth/axi_wrapper/p_1_in                                                                              | fft/U0/i_synth/xfft_inst/non_floating_point.arch_b.xfft_inst/control/control/O2             |                2 |              4 |
|  xlnx_opt__18                  | vga_comp/vga_disp/Accel_inst/ADXL_Control/n_0_Cmd_Reg[0][6]_i_2                                                | vga_comp/vga_disp/Accel_inst/ADXL_Control/n_0_Cmd_Reg[0][6]_i_1                             |                1 |              4 |
|  divide/Cout                   |                                                                                                                | decoder/dsel[1]                                                                             |                1 |              4 |
|  xlnx_opt__18                  | fft/U0/i_synth/axi_wrapper/ce_w2c                                                                              | fft/U0/i_synth/xfft_inst/non_floating_point.arch_b.xfft_inst/control/delay_line4_for_rfd/O5 |                1 |              4 |
|  xlnx_opt__18                  | vga_comp/vga_disp/Accel_inst/ADXL_Control/n_0_Cmd_Reg[1][6]_i_2                                                | vga_comp/vga_disp/Accel_inst/ADXL_Control/n_0_Cmd_Reg[1][6]_i_1                             |                1 |              5 |
|  xlnx_opt__18                  | vga_comp/vga_disp/Accel_inst/ADXL_Control/n_0_FSM_onehot_StC_Spi_Trans[5]_i_1                                  | vga_comp/vga_disp/Accel_inst/O1                                                             |                1 |              5 |
|  xlnx_opt__18                  | fft/U0/i_synth/axi_wrapper/data_in_channel_fifo/E[0]                                                           | fft/U0/i_synth/axi_wrapper/reset_pipe[1]                                                    |                1 |              5 |
|  xlnx_opt__18                  |                                                                                                                | vga_comp/vga_disp/Accel_inst/O1                                                             |                4 |              5 |
|  xlnx_opt__18                  | disp_draw_inst/n_0_FSM_onehot_s_curr[17]_i_1                                                                   | disp_draw_inst/n_0_FSM_onehot_s_curr[8]_i_1                                                 |                2 |              5 |
|  xlnx_opt__18                  | disp_draw_inst/mag_inst/O137                                                                                   |                                                                                             |                5 |              6 |
|  xlnx_opt__18                  | disp_draw_inst/mag_inst/O131                                                                                   |                                                                                             |                5 |              6 |
|  xlnx_opt__18                  | disp_draw_inst/mag_inst/O134                                                                                   |                                                                                             |                6 |              6 |
|  xlnx_opt__18                  | disp_draw_inst/mag_inst/O92                                                                                    |                                                                                             |                3 |              6 |
|  xlnx_opt__18                  | disp_draw_inst/mag_inst/O128                                                                                   |                                                                                             |                6 |              6 |
|  xlnx_opt__18                  | disp_draw_inst/mag_inst/O125                                                                                   |                                                                                             |                6 |              6 |
|  xlnx_opt__18                  | disp_draw_inst/mag_inst/O98                                                                                    |                                                                                             |                4 |              6 |
|  xlnx_opt__18                  | disp_draw_inst/mag_inst/O95                                                                                    |                                                                                             |                2 |              6 |
|  xlnx_opt__18                  | disp_draw_inst/mag_inst/O65                                                                                    |                                                                                             |                3 |              6 |
|  xlnx_opt__18                  | disp_draw_inst/mag_inst/O14                                                                                    |                                                                                             |                5 |              6 |
|  xlnx_opt__18                  | disp_draw_inst/mag_inst/O140                                                                                   |                                                                                             |                6 |              6 |
|  xlnx_opt__18                  | disp_draw_inst/mag_inst/O143                                                                                   |                                                                                             |                6 |              6 |
|  xlnx_opt__18                  | disp_draw_inst/mag_inst/O146                                                                                   |                                                                                             |                4 |              6 |
|  xlnx_opt__18                  | disp_draw_inst/mag_inst/O149                                                                                   |                                                                                             |                4 |              6 |
|  xlnx_opt__18                  | disp_draw_inst/mag_inst/O152                                                                                   |                                                                                             |                6 |              6 |
|  xlnx_opt__18                  | disp_draw_inst/mag_inst/O155                                                                                   |                                                                                             |                5 |              6 |
|  xlnx_opt__18                  | disp_draw_inst/mag_inst/O158                                                                                   |                                                                                             |                5 |              6 |
|  xlnx_opt__18                  | disp_draw_inst/mag_inst/O161                                                                                   |                                                                                             |                4 |              6 |
|  xlnx_opt__18                  | disp_draw_inst/mag_inst/O185                                                                                   |                                                                                             |                5 |              6 |
|  xlnx_opt__18                  | fft/U0/i_synth/axi_wrapper/E[0]                                                                                | fft/U0/i_synth/axi_wrapper/reset_pipe[1]                                                    |                2 |              6 |
|  xlnx_opt__18                  | disp_draw_inst/mag_inst/O47                                                                                    |                                                                                             |                5 |              6 |
|  xlnx_opt__18                  | disp_draw_inst/mag_inst/O5                                                                                     |                                                                                             |                6 |              6 |
|  xlnx_opt__18                  | disp_draw_inst/mag_inst/O50                                                                                    |                                                                                             |                3 |              6 |
|  xlnx_opt__18                  | disp_draw_inst/mag_inst/O53                                                                                    |                                                                                             |                3 |              6 |
|  xlnx_opt__18                  | disp_draw_inst/mag_inst/O56                                                                                    |                                                                                             |                4 |              6 |
|  xlnx_opt__18                  | disp_draw_inst/mag_inst/O59                                                                                    |                                                                                             |                3 |              6 |
|  xlnx_opt__18                  | disp_draw_inst/mag_inst/O62                                                                                    |                                                                                             |                4 |              6 |
|  xlnx_opt__18                  | disp_draw_inst/mag_inst/O89                                                                                    |                                                                                             |                5 |              6 |
|  xlnx_opt__18                  | disp_draw_inst/mag_inst/O68                                                                                    |                                                                                             |                3 |              6 |
|  xlnx_opt__18                  | disp_draw_inst/mag_inst/O71                                                                                    |                                                                                             |                4 |              6 |
|  xlnx_opt__18                  | disp_draw_inst/mag_inst/O74                                                                                    |                                                                                             |                4 |              6 |
|  xlnx_opt__18                  | disp_draw_inst/mag_inst/O77                                                                                    |                                                                                             |                4 |              6 |
|  xlnx_opt__18                  | disp_draw_inst/mag_inst/O8                                                                                     |                                                                                             |                5 |              6 |
|  xlnx_opt__18                  | disp_draw_inst/mag_inst/O80                                                                                    |                                                                                             |                3 |              6 |
|  xlnx_opt__18                  | disp_draw_inst/mag_inst/O83                                                                                    |                                                                                             |                4 |              6 |
|  xlnx_opt__18                  | disp_draw_inst/mag_inst/O86                                                                                    |                                                                                             |                3 |              6 |
|  xlnx_opt__18                  | disp_draw_inst/mag_inst/O35                                                                                    |                                                                                             |                5 |              6 |
|  xlnx_opt__18                  | disp_draw_inst/mag_inst/O104                                                                                   |                                                                                             |                6 |              6 |
|  xlnx_opt__18                  | disp_draw_inst/mag_inst/O107                                                                                   |                                                                                             |                6 |              6 |
|  xlnx_opt__18                  | disp_draw_inst/mag_inst/O11                                                                                    |                                                                                             |                5 |              6 |
|  xlnx_opt__18                  | disp_draw_inst/mag_inst/O110                                                                                   |                                                                                             |                6 |              6 |
|  xlnx_opt__18                  | disp_draw_inst/mag_inst/O113                                                                                   |                                                                                             |                6 |              6 |
|  xlnx_opt__18                  | disp_draw_inst/mag_inst/O116                                                                                   |                                                                                             |                5 |              6 |
|  xlnx_opt__18                  | disp_draw_inst/mag_inst/O119                                                                                   |                                                                                             |                6 |              6 |
|  xlnx_opt__18                  | disp_draw_inst/mag_inst/O122                                                                                   |                                                                                             |                5 |              6 |
|  xlnx_opt__18                  | disp_draw_inst/mag_inst/O164                                                                                   |                                                                                             |                3 |              6 |
|  xlnx_opt__18                  | disp_draw_inst/mag_inst/O38                                                                                    |                                                                                             |                4 |              6 |
|  xlnx_opt__18                  | disp_draw_inst/mag_inst/O41                                                                                    |                                                                                             |                6 |              6 |
|  xlnx_opt__18                  | disp_draw_inst/mag_inst/O44                                                                                    |                                                                                             |                6 |              6 |
|  xlnx_opt__18                  | fft/U0/i_synth/axi_wrapper/config_channel_fifo/gen_non_real_time.data_in_fifo_pt1/wr_enable                    |                                                                                             |                1 |              6 |
|  xlnx_opt__18                  |                                                                                                                | vga_comp/vga_disp/Accel_inst/ADXL_Control/SPI_Interface/SCLK_2X_DIV0                        |                2 |              6 |
|  xlnx_opt__18                  | vga_comp/vga_disp/Accel_inst/ADXL_Control/n_0_Cmd_Reg[2][6]_i_2                                                | vga_comp/vga_disp/Accel_inst/ADXL_Control/n_0_Cmd_Reg[2][6]_i_1                             |                1 |              6 |
|  divide/Cout                   |                                                                                                                | decoder/n_0_cathodes[5]_i_1                                                                 |                3 |              6 |
|  xlnx_opt__18                  | disp_draw_inst/mag_inst/O101                                                                                   |                                                                                             |                6 |              6 |
|  xlnx_opt__18                  | disp_draw_inst/mag_inst/O167                                                                                   |                                                                                             |                4 |              6 |
|  xlnx_opt__18                  | disp_draw_inst/mag_inst/O17                                                                                    |                                                                                             |                5 |              6 |
|  xlnx_opt__18                  | disp_draw_inst/mag_inst/O170                                                                                   |                                                                                             |                4 |              6 |
|  xlnx_opt__18                  | disp_draw_inst/mag_inst/O173                                                                                   |                                                                                             |                3 |              6 |
|  xlnx_opt__18                  | disp_draw_inst/mag_inst/O176                                                                                   |                                                                                             |                3 |              6 |
|  xlnx_opt__18                  | disp_draw_inst/mag_inst/O179                                                                                   |                                                                                             |                5 |              6 |
|  xlnx_opt__18                  | disp_draw_inst/mag_inst/O182                                                                                   |                                                                                             |                5 |              6 |
|  xlnx_opt__18                  | disp_draw_inst/mag_inst/O188                                                                                   |                                                                                             |                3 |              6 |
|  xlnx_opt__18                  | disp_draw_inst/mag_inst/O191                                                                                   |                                                                                             |                6 |              6 |
|  xlnx_opt__18                  | disp_draw_inst/mag_inst/O2                                                                                     |                                                                                             |                5 |              6 |
|  xlnx_opt__18                  | disp_draw_inst/mag_inst/O20                                                                                    |                                                                                             |                3 |              6 |
|  xlnx_opt__18                  | disp_draw_inst/mag_inst/O23                                                                                    |                                                                                             |                6 |              6 |
|  xlnx_opt__18                  | disp_draw_inst/mag_inst/O26                                                                                    |                                                                                             |                6 |              6 |
|  xlnx_opt__18                  | disp_draw_inst/mag_inst/O29                                                                                    |                                                                                             |                6 |              6 |
|  xlnx_opt__18                  | disp_draw_inst/mag_inst/O32                                                                                    |                                                                                             |                6 |              6 |
|  xlnx_opt__18                  | fft/U0/i_synth/xfft_inst/non_floating_point.arch_b.xfft_inst/control/control/processing_state/ce_pedelay       | fft/U0/i_synth/axi_wrapper/sclr_or_nfft_we5_out                                             |                3 |              7 |
|  xlnx_opt__18                  | vga_comp/vga_disp/Accel_inst/ADXL_Control/Shift_Cmd_Reg                                                        | vga_comp/vga_disp/Accel_inst/O1                                                             |                2 |              7 |
|  xlnx_opt__18                  | fft/U0/i_synth/axi_wrapper/ce_w2c                                                                              | fft/U0/i_synth/axi_wrapper/sclr_or_nfft_we5_out                                             |                2 |              7 |
|  xlnx_opt__18                  | vga_comp/vga_disp/Accel_inst/ADXL_Control/SPI_Interface/E[0]                                                   | vga_comp/vga_disp/Accel_inst/O1                                                             |                2 |              7 |
|  xlnx_opt__18                  | disp_draw_inst/n_0_counter[7]_i_2                                                                              | disp_draw_inst/n_0_counter[7]_i_1                                                           |                2 |              8 |
|  xlnx_opt__18                  | vga_comp/vga_disp/Accel_inst/ADXL_Control/SPI_Interface/EN_LOAD_DOUT                                           |                                                                                             |                3 |              8 |
|  xlnx_opt__18                  | vga_comp/vga_disp/Accel_inst/ADXL_Control/SPI_Interface/SHIFT_TICK_IN                                          |                                                                                             |                2 |              8 |
|  xlnx_opt__18                  | vga_comp/vga_disp/Accel_inst/ADXL_Control/SPI_Interface/n_0_MOSI_REG[7]_i_1                                    |                                                                                             |                2 |              8 |
|  divide/Cout                   |                                                                                                                |                                                                                             |                3 |              8 |
|  xlnx_opt__18                  | vga_comp/vga_disp/Accel_inst/ADXL_Control/n_0_FSM_onehot_StC_Adxl_Ctrl[9]_i_1                                  | vga_comp/vga_disp/Accel_inst/O1                                                             |                5 |              9 |
|  xlnx_opt__18                  | fft_fsm/n_0_ram2_addra_s[9]_i_1                                                                                | xlnx_opt_                                                                                   |                4 |             10 |
|  xlnx_opt__18                  | fft_fsm/p_1_in                                                                                                 | fft_fsm/n_0_ram1_max_addr[9]_i_1                                                            |                3 |             10 |
|  clk_debug/U0/clk_out3         |                                                                                                                | divide/c00                                                                                  |                2 |             10 |
|  clk_debug/U0/clk_out3         | divide/n_0_c2[9]_i_1                                                                                           | divide/n_0_c3[9]_i_1                                                                        |                3 |             10 |
|  clk_debug/U0/clk_out3         | divide/n_0_c1[9]_i_1                                                                                           | divide/n_0_c2[9]_i_1                                                                        |                2 |             10 |
|  clk_debug/U0/clk_out3         | divide/c00                                                                                                     | divide/n_0_c1[9]_i_1                                                                        |                2 |             10 |
|  xlnx_opt__18                  |                                                                                                                | vga_comp/vga_disp/Accel_inst/ADXL_Control/Cnt_SS_Inactive0                                  |                3 |             10 |
|  xlnx_opt__18                  | disp_draw_inst/n_0_addr[9]_i_2                                                                                 | disp_draw_inst/n_0_addr[9]_i_1                                                              |                2 |             10 |
|  vga_comp/clk_wiz/U0/clk_25out |                                                                                                                | vga_comp/vga_cont/n_0_hcounter[10]_i_1                                                      |                2 |             11 |
|  xlnx_opt__18                  | fft/U0/i_synth/xfft_inst/non_floating_point.arch_b.xfft_inst/control/control/processing_state/O1               | fft/U0/i_synth/axi_wrapper/sclr_or_nfft_we_or_loading                                       |                4 |             11 |
|  vga_comp/clk_wiz/U0/clk_25out | vga_comp/vga_cont/eqOp                                                                                         | vga_comp/vga_cont/n_0_vcounter[10]_i_1                                                      |                2 |             11 |
|  xlnx_opt__18                  | vga_comp/vga_disp/Accel_inst/Accel_Calculation/Data_Ready_0                                                    |                                                                                             |                4 |             12 |
|  xlnx_opt__18                  |                                                                                                                | xlnx_opt_                                                                                   |                9 |             12 |
|  vga_comp/vga_cont/O1          | led_OBUF[3]                                                                                                    |                                                                                             |                5 |             12 |
|  xlnx_opt__18                  | fft/U0/i_synth/axi_wrapper/n_2049_symbols_out_remaining[0]_i_1                                                 | fft/U0/i_synth/axi_wrapper/reset_pipe[1]                                                    |                3 |             12 |
|  vga_comp/clk_wiz/U0/clk_25out |                                                                                                                | vga_comp/vga_cont/SR[0]                                                                     |                4 |             12 |
|  xlnx_opt__18                  | disp_draw_inst/n_0_FSM_onehot_s_curr[17]_i_1                                                                   |                                                                                             |                7 |             12 |
|  xlnx_opt__18                  | fft_fsm/p_0_out                                                                                                | xlnx_opt_                                                                                   |                3 |             13 |
|  xlnx_opt__18                  | fft_fsm/n_0_clk_counter[12]_i_1                                                                                | xlnx_opt_                                                                                   |                4 |             13 |
|  xlnx_opt__18                  | fft/U0/i_synth/xfft_inst/non_floating_point.arch_b.xfft_inst/control/control/loading_state/xn_index_counter_ce | fft/U0/i_synth/axi_wrapper/sclr_or_nfft_we5_out                                             |                4 |             14 |
|  xlnx_opt__18                  | fft/U0/i_synth/axi_wrapper/xk_index_counter_ce                                                                 | fft/U0/i_synth/axi_wrapper/sclr_or_nfft_we5_out                                             |                4 |             14 |
|  xlnx_opt__18                  | disp_draw_inst/n_0_tmp[42][15]_i_1                                                                             |                                                                                             |                4 |             16 |
|  xlnx_opt__18                  | disp_draw_inst/n_0_tmp[21][15]_i_1                                                                             |                                                                                             |                5 |             16 |
|  xlnx_opt__18                  | disp_draw_inst/n_0_tmp[22][15]_i_1                                                                             |                                                                                             |                5 |             16 |
|  xlnx_opt__18                  | disp_draw_inst/n_0_tmp[23][15]_i_1                                                                             |                                                                                             |                2 |             16 |
|  xlnx_opt__18                  | disp_draw_inst/n_0_tmp[24][15]_i_1                                                                             |                                                                                             |                4 |             16 |
|  xlnx_opt__18                  | disp_draw_inst/n_0_tmp[25][15]_i_1                                                                             |                                                                                             |                4 |             16 |
|  xlnx_opt__18                  | disp_draw_inst/n_0_tmp[26][15]_i_1                                                                             |                                                                                             |                4 |             16 |
|  xlnx_opt__18                  | disp_draw_inst/n_0_tmp[27][15]_i_1                                                                             |                                                                                             |                6 |             16 |
|  xlnx_opt__18                  | disp_draw_inst/n_0_tmp[28][15]_i_1                                                                             |                                                                                             |                6 |             16 |
|  xlnx_opt__18                  | disp_draw_inst/n_0_tmp[29][15]_i_1                                                                             |                                                                                             |                6 |             16 |
|  xlnx_opt__18                  | disp_draw_inst/n_0_tmp[2][15]_i_1                                                                              |                                                                                             |                3 |             16 |
|  xlnx_opt__18                  | disp_draw_inst/n_0_tmp[30][15]_i_1                                                                             |                                                                                             |                2 |             16 |
|  xlnx_opt__18                  | disp_draw_inst/n_0_tmp[20][15]_i_1                                                                             |                                                                                             |                4 |             16 |
|  xlnx_opt__18                  | disp_draw_inst/n_0_tmp[31][15]_i_1                                                                             |                                                                                             |                3 |             16 |
|  xlnx_opt__18                  | disp_draw_inst/n_0_tmp[32][15]_i_1                                                                             |                                                                                             |                5 |             16 |
|  xlnx_opt__18                  | disp_draw_inst/n_0_tmp[33][15]_i_1                                                                             |                                                                                             |                4 |             16 |
|  xlnx_opt__18                  | disp_draw_inst/n_0_tmp[34][15]_i_1                                                                             |                                                                                             |                7 |             16 |
|  xlnx_opt__18                  | disp_draw_inst/n_0_tmp[35][15]_i_1                                                                             |                                                                                             |                3 |             16 |
|  xlnx_opt__18                  | disp_draw_inst/n_0_tmp[36][15]_i_1                                                                             |                                                                                             |                3 |             16 |
|  xlnx_opt__18                  | disp_draw_inst/n_0_tmp[37][15]_i_1                                                                             |                                                                                             |                4 |             16 |
|  xlnx_opt__18                  | disp_draw_inst/n_0_tmp[38][15]_i_1                                                                             |                                                                                             |                3 |             16 |
|  xlnx_opt__18                  | disp_draw_inst/n_0_tmp[39][15]_i_1                                                                             |                                                                                             |                4 |             16 |
|  xlnx_opt__18                  | disp_draw_inst/n_0_tmp[3][15]_i_1                                                                              |                                                                                             |                4 |             16 |
|  xlnx_opt__18                  | disp_draw_inst/n_0_tmp[40][15]_i_1                                                                             |                                                                                             |                4 |             16 |
|  xlnx_opt__18                  | disp_draw_inst/n_0_tmp[41][15]_i_1                                                                             |                                                                                             |                2 |             16 |
|  xlnx_opt__18                  | disp_draw_inst/n_0_avgIn[50][15]_i_1                                                                           |                                                                                             |                4 |             16 |
|  xlnx_opt__18                  | disp_draw_inst/n_0_tmp[9][15]_i_1                                                                              |                                                                                             |                3 |             16 |
|  xlnx_opt__18                  | disp_draw_inst/n_0_tmp[56][15]_i_1                                                                             |                                                                                             |                4 |             16 |
|  xlnx_opt__18                  | disp_draw_inst/n_0_tmp[57][15]_i_1                                                                             |                                                                                             |                3 |             16 |
|  xlnx_opt__18                  | disp_draw_inst/n_0_tmp[58][15]_i_1                                                                             |                                                                                             |                4 |             16 |
|  xlnx_opt__18                  | disp_draw_inst/n_0_tmp[59][15]_i_1                                                                             |                                                                                             |                3 |             16 |
|  xlnx_opt__18                  | disp_draw_inst/n_0_tmp[5][15]_i_1                                                                              |                                                                                             |                3 |             16 |
|  xlnx_opt__18                  | disp_draw_inst/n_0_tmp[60][15]_i_1                                                                             |                                                                                             |                2 |             16 |
|  xlnx_opt__18                  | disp_draw_inst/n_0_tmp[61][15]_i_1                                                                             |                                                                                             |                3 |             16 |
|  xlnx_opt__18                  | disp_draw_inst/n_0_tmp[62][15]_i_1                                                                             |                                                                                             |                6 |             16 |
|  xlnx_opt__18                  | disp_draw_inst/n_0_tmp[63][15]_i_1                                                                             |                                                                                             |                3 |             16 |
|  xlnx_opt__18                  | disp_draw_inst/n_0_tmp[6][15]_i_1                                                                              |                                                                                             |                2 |             16 |
|  xlnx_opt__18                  | disp_draw_inst/n_0_tmp[7][15]_i_1                                                                              |                                                                                             |                4 |             16 |
|  xlnx_opt__18                  | disp_draw_inst/n_0_tmp[8][15]_i_1                                                                              |                                                                                             |                4 |             16 |
|  xlnx_opt__18                  | disp_draw_inst/n_0_tmp[1][15]_i_1                                                                              |                                                                                             |                7 |             16 |
|  xlnx_opt__18                  | disp_draw_inst/n_0_imagVal[15]_i_1                                                                             |                                                                                             |                4 |             16 |
|  xlnx_opt__18                  | disp_draw_inst/n_0_tmp[0][15]_i_1                                                                              |                                                                                             |                5 |             16 |
|  xlnx_opt__18                  | disp_draw_inst/n_0_tmp[10][15]_i_1                                                                             |                                                                                             |                8 |             16 |
|  xlnx_opt__18                  | disp_draw_inst/n_0_tmp[11][15]_i_1                                                                             |                                                                                             |                6 |             16 |
|  xlnx_opt__18                  | disp_draw_inst/n_0_tmp[12][15]_i_1                                                                             |                                                                                             |                6 |             16 |
|  xlnx_opt__18                  | disp_draw_inst/n_0_tmp[13][15]_i_1                                                                             |                                                                                             |                5 |             16 |
|  xlnx_opt__18                  | disp_draw_inst/n_0_tmp[14][15]_i_1                                                                             |                                                                                             |                6 |             16 |
|  xlnx_opt__18                  | disp_draw_inst/n_0_tmp[15][15]_i_1                                                                             |                                                                                             |                6 |             16 |
|  xlnx_opt__18                  | disp_draw_inst/n_0_tmp[16][15]_i_1                                                                             |                                                                                             |                4 |             16 |
|  xlnx_opt__18                  | disp_draw_inst/n_0_tmp[17][15]_i_1                                                                             |                                                                                             |                7 |             16 |
|  xlnx_opt__18                  | disp_draw_inst/n_0_tmp[18][15]_i_1                                                                             |                                                                                             |                4 |             16 |
|  xlnx_opt__18                  | disp_draw_inst/n_0_tmp[19][15]_i_1                                                                             |                                                                                             |                4 |             16 |
|  xlnx_opt__18                  | disp_draw_inst/n_0_avgIn[39][15]_i_1                                                                           |                                                                                             |                4 |             16 |
|  xlnx_opt__18                  | disp_draw_inst/n_0_avgIn[26][15]_i_1                                                                           |                                                                                             |                3 |             16 |
|  xlnx_opt__18                  | disp_draw_inst/n_0_avgIn[25][15]_i_1                                                                           |                                                                                             |                2 |             16 |
|  xlnx_opt__18                  | disp_draw_inst/n_0_avgIn[24][15]_i_1                                                                           |                                                                                             |                3 |             16 |
|  xlnx_opt__18                  | disp_draw_inst/n_0_avgIn[23][15]_i_1                                                                           |                                                                                             |                2 |             16 |
|  xlnx_opt__18                  | disp_draw_inst/n_0_avgIn[22][15]_i_1                                                                           |                                                                                             |                4 |             16 |
|  xlnx_opt__18                  | disp_draw_inst/n_0_avgIn[21][15]_i_1                                                                           |                                                                                             |                4 |             16 |
|  xlnx_opt__18                  | disp_draw_inst/n_0_avgIn[41][15]_i_1                                                                           |                                                                                             |                2 |             16 |
|  xlnx_opt__18                  | disp_draw_inst/n_0_avgIn[40][15]_i_1                                                                           |                                                                                             |                3 |             16 |
|  xlnx_opt__18                  | disp_draw_inst/n_0_avgIn[3][15]_i_1                                                                            |                                                                                             |                5 |             16 |
|  xlnx_opt__18                  | disp_draw_inst/n_0_avgIn[27][15]_i_1                                                                           |                                                                                             |                3 |             16 |
|  xlnx_opt__18                  | disp_draw_inst/n_0_avgIn[38][15]_i_1                                                                           |                                                                                             |                3 |             16 |
|  xlnx_opt__18                  | disp_draw_inst/n_0_avgIn[37][15]_i_1                                                                           |                                                                                             |                3 |             16 |
|  xlnx_opt__18                  | disp_draw_inst/n_0_avgIn[36][15]_i_1                                                                           |                                                                                             |                2 |             16 |
|  xlnx_opt__18                  | disp_draw_inst/n_0_avgIn[35][15]_i_1                                                                           |                                                                                             |                4 |             16 |
|  xlnx_opt__18                  | disp_draw_inst/n_0_avgIn[34][15]_i_1                                                                           |                                                                                             |                3 |             16 |
|  xlnx_opt__18                  | disp_draw_inst/n_0_avgIn[33][15]_i_1                                                                           |                                                                                             |                4 |             16 |
|  xlnx_opt__18                  | disp_draw_inst/n_0_avgIn[32][15]_i_1                                                                           |                                                                                             |                3 |             16 |
|  xlnx_opt__18                  | disp_draw_inst/n_0_avgIn[52][15]_i_1                                                                           |                                                                                             |                2 |             16 |
|  xlnx_opt__18                  | disp_draw_inst/n_0_avgIn[51][15]_i_1                                                                           |                                                                                             |                2 |             16 |
|  xlnx_opt__18                  | disp_draw_inst/n_0_avgIn[12][15]_i_1                                                                           |                                                                                             |                6 |             16 |
|  xlnx_opt__18                  | disp_draw_inst/n_0_avgIn[20][15]_i_1                                                                           |                                                                                             |                4 |             16 |
|  xlnx_opt__18                  | disp_draw_inst/n_0_avgIn[1][15]_i_1                                                                            |                                                                                             |                6 |             16 |
|  xlnx_opt__18                  | disp_draw_inst/n_0_avgIn[19][15]_i_1                                                                           |                                                                                             |                3 |             16 |
|  xlnx_opt__18                  | disp_draw_inst/n_0_avgIn[18][15]_i_1                                                                           |                                                                                             |                2 |             16 |
|  xlnx_opt__18                  | disp_draw_inst/n_0_avgIn[17][15]_i_1                                                                           |                                                                                             |                4 |             16 |
|  xlnx_opt__18                  | disp_draw_inst/n_0_avgIn[16][15]_i_1                                                                           |                                                                                             |                4 |             16 |
|  xlnx_opt__18                  | disp_draw_inst/n_0_avgIn[15][15]_i_1                                                                           |                                                                                             |                5 |             16 |
|  xlnx_opt__18                  | disp_draw_inst/n_0_avgIn[14][15]_i_1                                                                           |                                                                                             |                5 |             16 |
|  xlnx_opt__18                  | disp_draw_inst/n_0_avgIn[13][15]_i_1                                                                           |                                                                                             |                5 |             16 |
|  xlnx_opt__18                  | disp_draw_inst/n_0_tmp[43][15]_i_1                                                                             |                                                                                             |                4 |             16 |
|  xlnx_opt__18                  | disp_draw_inst/n_0_avgIn[11][15]_i_1                                                                           |                                                                                             |                7 |             16 |
|  xlnx_opt__18                  | disp_draw_inst/n_0_avgIn[10][15]_i_1                                                                           |                                                                                             |                4 |             16 |
|  xlnx_opt__18                  | disp_draw_inst/n_0_avgIn[0][15]_i_1                                                                            |                                                                                             |                6 |             16 |
|  xlnx_opt__18                  | disp_draw_inst/n_0_avgIn[31][15]_i_1                                                                           |                                                                                             |                3 |             16 |
|  xlnx_opt__18                  | disp_draw_inst/n_0_avgIn[30][15]_i_1                                                                           |                                                                                             |                3 |             16 |
|  xlnx_opt__18                  | disp_draw_inst/n_0_avgIn[2][15]_i_1                                                                            |                                                                                             |                4 |             16 |
|  xlnx_opt__18                  | disp_draw_inst/n_0_avgIn[29][15]_i_1                                                                           |                                                                                             |                4 |             16 |
|  xlnx_opt__18                  | disp_draw_inst/n_0_avgIn[28][15]_i_1                                                                           |                                                                                             |                3 |             16 |
|  xlnx_opt__18                  | disp_draw_inst/n_0_tmp[52][15]_i_1                                                                             |                                                                                             |                5 |             16 |
|  xlnx_opt__18                  | disp_draw_inst/n_0_avgIn[54][15]_i_1                                                                           |                                                                                             |                2 |             16 |
|  xlnx_opt__18                  | disp_draw_inst/n_0_avgIn[53][15]_i_1                                                                           |                                                                                             |                4 |             16 |
|  xlnx_opt__18                  | disp_draw_inst/n_0_avgIn[9][15]_i_1                                                                            |                                                                                             |                5 |             16 |
|  xlnx_opt__18                  | disp_draw_inst/n_0_avgIn[8][15]_i_1                                                                            |                                                                                             |                7 |             16 |
|  xlnx_opt__18                  | disp_draw_inst/n_0_avgIn[7][15]_i_1                                                                            |                                                                                             |                4 |             16 |
|  xlnx_opt__18                  | disp_draw_inst/n_0_avgIn[6][15]_i_1                                                                            |                                                                                             |                5 |             16 |
|  xlnx_opt__18                  | disp_draw_inst/n_0_tmp[55][15]_i_1                                                                             |                                                                                             |                3 |             16 |
|  xlnx_opt__18                  | disp_draw_inst/n_0_tmp[54][15]_i_1                                                                             |                                                                                             |                3 |             16 |
|  xlnx_opt__18                  | disp_draw_inst/n_0_tmp[53][15]_i_1                                                                             |                                                                                             |                2 |             16 |
|  xlnx_opt__18                  | disp_draw_inst/n_0_avgIn[4][15]_i_1                                                                            |                                                                                             |                4 |             16 |
|  xlnx_opt__18                  | disp_draw_inst/n_0_tmp[51][15]_i_1                                                                             |                                                                                             |                2 |             16 |
|  xlnx_opt__18                  | disp_draw_inst/n_0_tmp[50][15]_i_1                                                                             |                                                                                             |                5 |             16 |
|  xlnx_opt__18                  | disp_draw_inst/n_0_tmp[4][15]_i_1                                                                              |                                                                                             |                3 |             16 |
|  xlnx_opt__18                  | disp_draw_inst/n_0_tmp[49][15]_i_1                                                                             |                                                                                             |                3 |             16 |
|  xlnx_opt__18                  | disp_draw_inst/n_0_tmp[48][15]_i_1                                                                             |                                                                                             |                5 |             16 |
|  xlnx_opt__18                  | disp_draw_inst/n_0_tmp[47][15]_i_1                                                                             |                                                                                             |                4 |             16 |
|  xlnx_opt__18                  | disp_draw_inst/n_0_tmp[46][15]_i_1                                                                             |                                                                                             |                4 |             16 |
|  xlnx_opt__18                  | disp_draw_inst/n_0_tmp[45][15]_i_1                                                                             |                                                                                             |                4 |             16 |
|  xlnx_opt__18                  | disp_draw_inst/n_0_tmp[44][15]_i_1                                                                             |                                                                                             |                5 |             16 |
|  xlnx_opt__18                  | disp_draw_inst/n_0_avgIn[55][15]_i_1                                                                           |                                                                                             |                2 |             16 |
|  xlnx_opt__18                  | disp_draw_inst/n_0_avgIn[49][15]_i_1                                                                           |                                                                                             |                3 |             16 |
|  xlnx_opt__18                  | disp_draw_inst/n_0_avgIn[48][15]_i_1                                                                           |                                                                                             |                3 |             16 |
|  xlnx_opt__18                  | disp_draw_inst/n_0_avgIn[47][15]_i_1                                                                           |                                                                                             |                4 |             16 |
|  xlnx_opt__18                  | disp_draw_inst/n_0_avgIn[46][15]_i_1                                                                           |                                                                                             |                4 |             16 |
|  xlnx_opt__18                  | disp_draw_inst/n_0_avgIn[45][15]_i_1                                                                           |                                                                                             |                2 |             16 |
|  xlnx_opt__18                  | disp_draw_inst/n_0_avgIn[44][15]_i_1                                                                           |                                                                                             |                3 |             16 |
|  xlnx_opt__18                  | disp_draw_inst/n_0_avgIn[43][15]_i_1                                                                           |                                                                                             |                3 |             16 |
|  xlnx_opt__18                  | disp_draw_inst/n_0_avgIn[42][15]_i_1                                                                           |                                                                                             |                3 |             16 |
|  xlnx_opt__18                  | disp_draw_inst/n_0_avgIn[63][15]_i_1                                                                           |                                                                                             |                3 |             16 |
|  xlnx_opt__18                  | disp_draw_inst/n_0_avgIn[61][15]_i_1                                                                           |                                                                                             |                2 |             16 |
|  xlnx_opt__18                  | disp_draw_inst/n_0_avgIn[62][15]_i_1                                                                           |                                                                                             |                3 |             16 |
|  xlnx_opt__18                  | disp_draw_inst/n_0_avgIn[60][15]_i_1                                                                           |                                                                                             |                3 |             16 |
|  xlnx_opt__18                  | disp_draw_inst/n_0_avgIn[5][15]_i_1                                                                            |                                                                                             |                5 |             16 |
|  xlnx_opt__18                  | disp_draw_inst/n_0_avgIn[59][15]_i_1                                                                           |                                                                                             |                3 |             16 |
|  xlnx_opt__18                  | disp_draw_inst/n_0_avgIn[58][15]_i_1                                                                           |                                                                                             |                3 |             16 |
|  xlnx_opt__18                  | disp_draw_inst/n_0_avgIn[57][15]_i_1                                                                           |                                                                                             |                4 |             16 |
|  xlnx_opt__18                  | disp_draw_inst/n_0_avgIn[56][15]_i_1                                                                           |                                                                                             |                2 |             16 |
|  xlnx_opt__18                  | disp_draw_inst/mag_inst/magSqRt/U0/i_synth/i_synth/gen_sqrt.square_root/gen_rdy_int/O1                         |                                                                                             |               11 |             17 |
|  xlnx_opt__18                  | fft/U0/i_synth/axi_wrapper/ce_w2c                                                                              | fft/U0/i_synth/axi_wrapper/reset_pipe[1]                                                    |                5 |             18 |
|  xlnx_opt__18                  |                                                                                                                | vga_comp/vga_disp/Accel_inst/ADXL_Control/Reset_Sample_Rate_Div                             |                5 |             20 |
|  xlnx_opt__18                  | vga_comp/vga_disp/Accel_inst/ADXL_Control/E[0]                                                                 | vga_comp/vga_disp/Accel_inst/O1                                                             |                5 |             22 |
|  xlnx_opt__18                  | disp_draw_inst/n_0_realVal[15]_i_1                                                                             |                                                                                             |                6 |             22 |
|  xlnx_opt__18                  | vga_comp/vga_disp/Accel_inst/ADXL_Control/Q[1]                                                                 | vga_comp/vga_disp/Accel_inst/O1                                                             |               10 |             24 |
|  xlnx_opt__18                  | fft/U0/i_synth/axi_wrapper/data_in_channel_fifo/gen_non_real_time.data_in_fifo_pt1/wr_enable                   |                                                                                             |                4 |             32 |
|  xlnx_opt__18                  |                                                                                                                | fft/U0/i_synth/axi_wrapper/reset_pipe[1]                                                    |               15 |             32 |
|  xlnx_opt__18                  | fft/U0/i_synth/axi_wrapper/data_in_channel_fifo/gen_non_real_time.data_in_fifo_pt1/O1[0]                       | fft/U0/i_synth/axi_wrapper/reset_pipe[1]                                                    |               10 |             32 |
|  xlnx_opt__18                  | fft/U0/i_synth/axi_wrapper/data_in_channel_fifo/gen_non_real_time.data_in_fifo_pt1/E[0]                        | fft/U0/i_synth/axi_wrapper/reset_pipe[1]                                                    |                6 |             32 |
|  xlnx_opt__18                  | fft/U0/i_synth/axi_wrapper/data_out_channel/data_out_fifo_write                                                |                                                                                             |                5 |             33 |
|  xlnx_opt__18                  | vga_comp/vga_disp/Accel_inst/ADXL_Control/SPI_Interface/Shift_Data_Reg                                         |                                                                                             |               13 |             58 |
|  xlnx_opt__18                  | vga_comp/vga_disp/Accel_inst/ADXL_Control/Q[0]                                                                 | vga_comp/vga_disp/Accel_inst/ADXL_Control/O2                                                |               21 |             84 |
|  xlnx_opt__18                  | fft/U0/i_synth/xfft_inst/non_floating_point.arch_b.xfft_inst/control/delay_line_for_rd_en_process/i_sw_en      |                                                                                             |               40 |            128 |
|  VGA_trig_BUFG                 |                                                                                                                |                                                                                             |               97 |            512 |
|  xlnx_opt__18                  |                                                                                                                |                                                                                             |              257 |            786 |
|  xlnx_opt__18                  | fft/U0/i_synth/axi_wrapper/ce_w2c                                                                              |                                                                                             |              579 |           3104 |
+--------------------------------+----------------------------------------------------------------------------------------------------------------+---------------------------------------------------------------------------------------------+------------------+----------------+


