Copyright 1986-2014 Xilinx, Inc. All Rights Reserved.
-----------------------------------------------------------------------------------------------------------------
| Tool Version     : Vivado v.2014.4 (lin64) Build 1071353 Tue Nov 18 16:47:07 MST 2014
| Date             : Mon Apr 20 13:27:30 2015
| Host             : jjmvi-AMD-ubuntu running 64-bit Ubuntu 14.04.2 LTS
| Command          : report_power -file top_level_power_routed.rpt -pb top_level_power_summary_routed.pb
| Design           : top_level
| Device           : xc7a100tcsg324-1
| Design State     : Routed
| Grade            : commercial
| Process          : typical
| Characterization : Production
-----------------------------------------------------------------------------------------------------------------

Power Report

Table of Contents
-----------------
1. Summary
1.1 On-Chip Components
1.2 Power Supply Summary
1.3 Confidence Level
2. Settings
2.1 Environment
2.2 Clock Constraints
3. Detailed Reports
3.1 By Hierarchy

1. Summary
----------

+--------------------------+-------+
| Total On-Chip Power (W)  | 0.376 |
| Dynamic (W)              | 0.278 |
| Device Static (W)        | 0.099 |
| Effective TJA (C/W)      | 4.6   |
| Max Ambient (C)          | 83.3  |
| Junction Temperature (C) | 26.7  |
| Confidence Level         | Low   |
| Setting File             | ---   |
| Simulation Activity File | ---   |
| Design Nets Matched      | NA    |
+--------------------------+-------+


1.1 On-Chip Components
----------------------

+-------------------------+-----------+----------+-----------+-----------------+
| On-Chip                 | Power (W) | Used     | Available | Utilization (%) |
+-------------------------+-----------+----------+-----------+-----------------+
| Clocks                  |     0.022 |        6 |       --- |             --- |
| Slice Logic             |     0.031 |    12304 |       --- |             --- |
|   LUT as Logic          |     0.025 |     3754 |     63400 |            5.92 |
|   Register              |     0.003 |     6675 |    126800 |            5.26 |
|   CARRY4                |     0.002 |      322 |     15850 |            2.03 |
|   LUT as Shift Register |     0.001 |      222 |     19000 |            1.16 |
|   F7/F8 Muxes           |    <0.001 |       46 |     63400 |            0.07 |
|   BUFG                  |    <0.001 |        1 |        32 |            3.12 |
|   Others                |     0.000 |      495 |       --- |             --- |
| Signals                 |     0.055 |     9499 |       --- |             --- |
| Block RAM               |     0.022 |      9.5 |       135 |            7.03 |
| MMCM                    |     0.115 |        1 |         6 |           16.66 |
| DSPs                    |     0.020 |       20 |       240 |            8.33 |
| I/O                     |     0.012 |       50 |       210 |           23.80 |
| Static Power            |     0.099 |          |           |                 |
| Total                   |     0.376 |          |           |                 |
+-------------------------+-----------+----------+-----------+-----------------+


1.2 Power Supply Summary
------------------------

+-----------+-------------+-----------+-------------+------------+
| Source    | Voltage (V) | Total (A) | Dynamic (A) | Static (A) |
+-----------+-------------+-----------+-------------+------------+
| Vccint    |       1.000 |     0.166 |       0.150 |      0.016 |
| Vccaux    |       1.800 |     0.082 |       0.064 |      0.018 |
| Vcco33    |       3.300 |     0.007 |       0.003 |      0.004 |
| Vcco25    |       2.500 |     0.000 |       0.000 |      0.000 |
| Vcco18    |       1.800 |     0.000 |       0.000 |      0.000 |
| Vcco15    |       1.500 |     0.000 |       0.000 |      0.000 |
| Vcco135   |       1.350 |     0.000 |       0.000 |      0.000 |
| Vcco12    |       1.200 |     0.000 |       0.000 |      0.000 |
| Vccaux_io |       1.800 |     0.000 |       0.000 |      0.000 |
| Vccbram   |       1.000 |     0.002 |       0.002 |      0.000 |
| MGTAVcc   |       1.000 |     0.000 |       0.000 |      0.000 |
| MGTAVtt   |       1.200 |     0.000 |       0.000 |      0.000 |
| Vccadc    |       1.800 |     0.020 |       0.000 |      0.020 |
+-----------+-------------+-----------+-------------+------------+


1.3 Confidence Level
--------------------

+-----------------------------+------------+--------------------------------------------------------+--------------------------------------------------------------------------------------------------------------------+
| User Input Data             | Confidence | Details                                                | Action                                                                                                             |
+-----------------------------+------------+--------------------------------------------------------+--------------------------------------------------------------------------------------------------------------------+
| Design implementation state | High       | Design is routed                                       |                                                                                                                    |
| Clock nodes activity        | Medium     | More than 5% of clocks are missing user specification  | Provide missing clock activity with a constraint file, simulation results or by editing the "By Clock Domain" view |
| I/O nodes activity          | Low        | More than 75% of inputs are missing user specification | Provide missing input activity with simulation results or by editing the "By Resource Type -> I/Os" view           |
| Internal nodes activity     | Medium     | User specified less than 25% of internal nodes         | Provide missing internal nodes activity with simulation results or by editing the "By Resource Type" views         |
| Device models               | High       | Device models are Production                           |                                                                                                                    |
|                             |            |                                                        |                                                                                                                    |
| Overall confidence level    | Low        |                                                        |                                                                                                                    |
+-----------------------------+------------+--------------------------------------------------------+--------------------------------------------------------------------------------------------------------------------+


2. Settings
-----------

2.1 Environment
---------------

+-----------------------+--------------------------+
| Ambient Temp (C)      | 25.0                     |
| ThetaJA (C/W)         | 4.6                      |
| Airflow (LFM)         | 250                      |
| Heat Sink             | medium (Medium Profile)  |
| ThetaSA (C/W)         | 4.6                      |
| Board Selection       | medium (10"x10")         |
| # of Board Layers     | 12to15 (12 to 15 Layers) |
| Board Temperature (C) | 25.0                     |
+-----------------------+--------------------------+


2.2 Clock Constraints
---------------------

+-----------------------+-------------------------------------------+-----------------+
| Clock                 | Domain                                    | Constraint (ns) |
+-----------------------+-------------------------------------------+-----------------+
| clk_25out_clk_wiz_vga | vga_comp/clk_wiz/U0/clk_25out_clk_wiz_vga |            40.0 |
| clkfbout_clk_wiz_vga  | vga_comp/clk_wiz/U0/clkfbout_clk_wiz_vga  |            40.0 |
| sys_clk_pin           | clk                                       |            10.0 |
| sys_clk_pin           | clk_BUFG                                  |            10.0 |
+-----------------------+-------------------------------------------+-----------------+


3. Detailed Reports
-------------------

3.1 By Hierarchy
----------------

+--------------------------------------------------------------------------------------------+-----------+
| Name                                                                                       | Power (W) |
+--------------------------------------------------------------------------------------------+-----------+
| top_level                                                                                  |     0.278 |
|   disp_draw_inst/mag_inst/imagSquare                                                       |     0.001 |
|     U0                                                                                     |     0.001 |
|       i_mult                                                                               |     0.001 |
|         gDSP.gDSP_only.iDSP                                                                |     0.001 |
|   disp_draw_inst/mag_inst/magSqRt                                                          |     0.005 |
|     U0                                                                                     |     0.005 |
|       i_synth                                                                              |     0.005 |
|         i_nd_to_rdy                                                                        |    <0.001 |
|         i_synth                                                                            |     0.005 |
|           gen_sqrt.square_root                                                             |     0.005 |
|             gen_iterations[10].gen_pre_mid.gen_rem                                         |    <0.001 |
|               gen_inv_sqrt_out                                                             |    <0.001 |
|             gen_iterations[11].gen_post_mid.gen_rem                                        |    <0.001 |
|               gen_inv_sqrt_out                                                             |    <0.001 |
|             gen_iterations[11].gen_pre_mid.gen_rem                                         |    <0.001 |
|               gen_data_int                                                                 |    <0.001 |
|               gen_rem_inc                                                                  |    <0.001 |
|                 inst                                                                       |    <0.001 |
|                   i_baseblox.i_baseblox_addsub                                             |    <0.001 |
|                     no_pipelining.the_addsub                                               |    <0.001 |
|                       i_lut6.i_lut6_addsub                                                 |    <0.001 |
|             gen_iterations[12].gen_pre_mid.gen_rem                                         |    <0.001 |
|               gen_data_int                                                                 |    <0.001 |
|               gen_inv_sqrt_out                                                             |    <0.001 |
|               gen_rem.gen_rem_out                                                          |    <0.001 |
|               gen_rem_inc                                                                  |    <0.001 |
|                 inst                                                                       |    <0.001 |
|                   i_baseblox.i_baseblox_addsub                                             |    <0.001 |
|                     no_pipelining.the_addsub                                               |    <0.001 |
|                       i_lut6.i_lut6_addsub                                                 |    <0.001 |
|             gen_iterations[13].gen_post_mid.gen_rem                                        |    <0.001 |
|               gen_inv_sqrt_out                                                             |    <0.001 |
|             gen_iterations[13].gen_pre_mid.gen_rem                                         |    <0.001 |
|               gen_data_int                                                                 |    <0.001 |
|               gen_rem_inc                                                                  |    <0.001 |
|                 inst                                                                       |    <0.001 |
|                   i_baseblox.i_baseblox_addsub                                             |    <0.001 |
|                     no_pipelining.the_addsub                                               |    <0.001 |
|                       i_lut6.i_lut6_addsub                                                 |    <0.001 |
|             gen_iterations[14].gen_pre_mid.gen_rem                                         |    <0.001 |
|               gen_data_int                                                                 |    <0.001 |
|               gen_inv_sqrt_out                                                             |    <0.001 |
|               gen_rem.gen_rem_out                                                          |    <0.001 |
|               gen_rem_inc                                                                  |    <0.001 |
|                 inst                                                                       |    <0.001 |
|                   i_baseblox.i_baseblox_addsub                                             |    <0.001 |
|                     no_pipelining.the_addsub                                               |    <0.001 |
|                       i_lut6.i_lut6_addsub                                                 |    <0.001 |
|             gen_iterations[15].gen_post_mid.gen_rem                                        |    <0.001 |
|               gen_inv_sqrt_out                                                             |    <0.001 |
|             gen_iterations[15].gen_pre_mid.gen_rem                                         |    <0.001 |
|               gen_data_int                                                                 |    <0.001 |
|               gen_rem_inc                                                                  |    <0.001 |
|                 inst                                                                       |    <0.001 |
|                   i_baseblox.i_baseblox_addsub                                             |    <0.001 |
|                     no_pipelining.the_addsub                                               |    <0.001 |
|                       i_lut6.i_lut6_addsub                                                 |    <0.001 |
|             gen_iterations[16].gen_pre_mid.gen_rem                                         |    <0.001 |
|               gen_inv_sqrt_out                                                             |    <0.001 |
|               gen_rem.gen_rem_out                                                          |    <0.001 |
|               gen_rem_inc                                                                  |    <0.001 |
|                 inst                                                                       |    <0.001 |
|                   i_baseblox.i_baseblox_addsub                                             |    <0.001 |
|                     no_pipelining.the_addsub                                               |    <0.001 |
|                       i_lut6.i_lut6_addsub                                                 |    <0.001 |
|             gen_iterations[17].gen_last.gen_no_round.gen_sqrt_tmp                          |     0.002 |
|             gen_iterations[17].gen_last.gen_rem                                            |    <0.001 |
|               gen_inv_sqrt_out                                                             |    <0.001 |
|             gen_rdy_int                                                                    |    <0.001 |
|   disp_draw_inst/mag_inst/realSquare                                                       |     0.001 |
|     U0                                                                                     |     0.001 |
|       i_mult                                                                               |     0.001 |
|         gDSP.gDSP_only.iDSP                                                                |     0.001 |
|   disp_draw_inst/mag_inst/sumOfSquares                                                     |    <0.001 |
|     U0                                                                                     |    <0.001 |
|       xst_addsub                                                                           |    <0.001 |
|         xbip_addsub.i_a_b_nogrowth.i_xbip_addsub                                           |    <0.001 |
|           addsub_usecase.i_addsub                                                          |    <0.001 |
|             i_synth_option.i_synth_model                                                   |    <0.001 |
|               opt_vx7.i_uniwrap                                                            |    <0.001 |
|   fft                                                                                      |     0.094 |
|     U0                                                                                     |     0.094 |
|       i_synth                                                                              |     0.094 |
|         axi_wrapper                                                                        |     0.002 |
|           config_channel_fifo                                                              |    <0.001 |
|             gen_non_real_time.data_in_fifo_pt1                                             |    <0.001 |
|               fifo0                                                                        |    <0.001 |
|           data_in_channel_fifo                                                             |    <0.001 |
|             gen_non_real_time.data_in_fifo_pt1                                             |    <0.001 |
|               fifo0                                                                        |    <0.001 |
|           data_out_channel                                                                 |    <0.001 |
|             gen_non_real_time.fifo                                                         |    <0.001 |
|               fifo0                                                                        |    <0.001 |
|           gen_status_channel.status_fifo                                                   |    <0.001 |
|             gen_non_real_time.fifo                                                         |    <0.001 |
|               fifo0                                                                        |    <0.001 |
|         xfft_inst                                                                          |     0.092 |
|           non_floating_point.arch_b.xfft_inst                                              |     0.092 |
|             control                                                                        |     0.016 |
|               control                                                                      |    <0.001 |
|                 bfp_sclr_gen.sclr_register_bfp                                             |    <0.001 |
|                 has_unload.unloading_state                                                 |    <0.001 |
|                 loading_state                                                              |    <0.001 |
|                 nat_out_xk_index.no_cyclic_prefix.xk_index_counter                         |    <0.001 |
|                   cnt_async                                                                |    <0.001 |
|                     i_baseblox.i_baseblox_addsub                                           |    <0.001 |
|                       no_pipelining.the_addsub                                             |    <0.001 |
|                         i_lut6.i_lut6_addsub                                               |    <0.001 |
|                   threshold                                                                |    <0.001 |
|                 need_output_sclr.sclr_register                                             |    <0.001 |
|                 need_we_process_sclr.delay_i_we                                            |    <0.001 |
|                   no_sclr_lut.real_shift_ram.use_baseblock.not_use_hlutnm_srls.i_shift_ram |    <0.001 |
|                     i_bb_inst                                                              |    <0.001 |
|                 need_we_process_sclr.sclr_register_we                                      |    <0.001 |
|                 pe_cnt                                                                     |    <0.001 |
|                   cnt_async                                                                |    <0.001 |
|                     i_baseblox.i_baseblox_addsub                                           |    <0.001 |
|                       no_pipelining.the_addsub                                             |    <0.001 |
|                         i_lut6.i_lut6_addsub                                               |    <0.001 |
|                   threshold                                                                |     0.000 |
|                 processing_state                                                           |    <0.001 |
|                 rank_0_cnt                                                                 |    <0.001 |
|                   cnt_async                                                                |    <0.001 |
|                     i_baseblox.i_baseblox_addsub                                           |    <0.001 |
|                       no_pipelining.the_addsub                                             |    <0.001 |
|                         i_lut6.i_lut6_addsub                                               |    <0.001 |
|                 rn_0_cnt                                                                   |    <0.001 |
|                   cnt_async                                                                |    <0.001 |
|                     i_baseblox.i_baseblox_addsub                                           |    <0.001 |
|                       no_pipelining.the_addsub                                             |    <0.001 |
|                         i_lut6.i_lut6_addsub                                               |    <0.001 |
|                   threshold                                                                |    <0.001 |
|                 xn_index_counter                                                           |    <0.001 |
|                   cnt_async                                                                |    <0.001 |
|                     i_baseblox.i_baseblox_addsub                                           |    <0.001 |
|                       no_pipelining.the_addsub                                             |    <0.001 |
|                         i_lut6.i_lut6_addsub                                               |    <0.001 |
|                   threshold                                                                |    <0.001 |
|               delay_line2_for_rfd                                                          |    <0.001 |
|                 no_sclr_lut.real_shift_ram.use_baseblock.not_use_hlutnm_srls.i_shift_ram   |    <0.001 |
|                   i_bb_inst                                                                |    <0.001 |
|               delay_line4_for_rfd                                                          |    <0.001 |
|                 no_sclr_lut.real_shift_ram.use_baseblock.not_use_hlutnm_srls.i_shift_ram   |    <0.001 |
|                   i_bb_inst                                                                |    <0.001 |
|               delay_line_4_in_wr_addr                                                      |    <0.001 |
|               delay_line_for_bypass_d                                                      |    <0.001 |
|                 no_sclr_lut.real_shift_ram.use_baseblock.not_use_hlutnm_srls.i_shift_ram   |    <0.001 |
|                   i_bb_inst                                                                |    <0.001 |
|               delay_line_for_bypass_d2                                                     |    <0.001 |
|                 no_sclr_lut.real_shift_ram.use_baseblock.not_use_hlutnm_srls.i_shift_ram   |    <0.001 |
|                   i_bb_inst                                                                |    <0.001 |
|               delay_line_for_dv3                                                           |    <0.001 |
|                 no_sclr_lut.real_shift_ram.use_baseblock.not_use_hlutnm_srls.i_shift_ram   |    <0.001 |
|                   i_bb_inst                                                                |    <0.001 |
|                     gen_output_regs.output_regs                                            |    <0.001 |
|               delay_line_for_i_sw_control                                                  |    <0.001 |
|               delay_line_for_last_rankd                                                    |    <0.001 |
|               delay_line_for_ld_start                                                      |    <0.001 |
|                 no_sclr_lut.real_shift_ram.use_baseblock.not_use_hlutnm_srls.i_shift_ram   |    <0.001 |
|                   i_bb_inst                                                                |    <0.001 |
|               delay_line_for_o_sw_control                                                  |    <0.001 |
|                 no_sclr_lut.real_shift_ram.use_baseblock.not_use_hlutnm_srls.i_shift_ram   |    <0.001 |
|                   i_bb_inst                                                                |    <0.001 |
|               delay_line_for_rd_addr_mux_control                                           |    <0.001 |
|                 no_sclr_lut.real_shift_ram.use_baseblock.not_use_hlutnm_srls.i_shift_ram   |    <0.001 |
|                   i_bb_inst                                                                |    <0.001 |
|               delay_line_for_rd_en_process                                                 |    <0.001 |
|                 no_sclr_lut.real_shift_ram.use_baseblock.not_use_hlutnm_srls.i_shift_ram   |    <0.001 |
|                   i_bb_inst                                                                |    <0.001 |
|               delay_line_for_twiddle_rank                                                  |    <0.001 |
|               delay_line_for_we_process                                                    |    <0.001 |
|                 no_sclr_lut.real_shift_ram.use_baseblock.not_use_hlutnm_srls.i_shift_ram   |    <0.001 |
|                   i_bb_inst                                                                |    <0.001 |
|                     gen_output_regs.output_regs                                            |    <0.001 |
|               delay_twiddle_3_negate                                                       |    <0.001 |
|                 no_sclr_lut.real_shift_ram.use_baseblock.not_use_hlutnm_srls.i_shift_ram   |    <0.001 |
|                   i_bb_inst                                                                |    <0.001 |
|               has_bfp.delay_line_4_process_scale                                           |    <0.001 |
|                 no_sclr_lut.real_shift_ram.use_baseblock.not_use_hlutnm_srls.i_shift_ram   |    <0.001 |
|                   i_bb_inst                                                                |    <0.001 |
|               has_bfp.delay_line_for_ce_rank_4scale                                        |    <0.001 |
|                 no_sclr_lut.real_shift_ram.use_baseblock.not_use_hlutnm_srls.i_shift_ram   |    <0.001 |
|                   i_bb_inst                                                                |    <0.001 |
|               has_bfp.delay_line_for_rfd                                                   |    <0.001 |
|                 no_sclr_lut.real_shift_ram.use_baseblock.not_use_hlutnm_srls.i_shift_ram   |    <0.001 |
|                   i_bb_inst                                                                |    <0.001 |
|               memory_control[0].delay_line_for_wr_addr                                     |    <0.001 |
|                 no_sclr_lut.real_shift_ram.use_baseblock.not_use_hlutnm_srls.i_shift_ram   |    <0.001 |
|                   i_bb_inst                                                                |    <0.001 |
|               memory_control[0].read_addr_mux                                              |    <0.001 |
|               memory_control[0].write_addr_mux                                             |    <0.001 |
|               memory_control[1].delay_line_for_wr_addr                                     |    <0.001 |
|                 no_sclr_lut.real_shift_ram.use_baseblock.not_use_hlutnm_srls.i_shift_ram   |    <0.001 |
|                   i_bb_inst                                                                |    <0.001 |
|               memory_control[1].read_addr_mux                                              |    <0.001 |
|               memory_control[1].write_addr_mux                                             |    <0.001 |
|               memory_control[2].delay_line_for_wr_addr                                     |    <0.001 |
|                 no_sclr_lut.real_shift_ram.use_baseblock.not_use_hlutnm_srls.i_shift_ram   |    <0.001 |
|                   i_bb_inst                                                                |    <0.001 |
|               memory_control[2].read_addr_mux                                              |    <0.001 |
|               memory_control[2].write_addr_mux                                             |    <0.001 |
|               memory_control[3].delay_line_for_wr_addr                                     |    <0.001 |
|                 no_sclr_lut.real_shift_ram.use_baseblock.not_use_hlutnm_srls.i_shift_ram   |    <0.001 |
|                   i_bb_inst                                                                |    <0.001 |
|               memory_control[3].read_addr_mux                                              |    <0.001 |
|               memory_control[3].write_addr_mux                                             |    <0.001 |
|               out_address_gen                                                              |    <0.001 |
|                 p2_mux                                                                     |    <0.001 |
|               out_mux_control_selector_natural.delay_line_for_o_mux_control                |    <0.001 |
|               processing_address_generator                                                 |     0.002 |
|                 NFFT_4096_or_8192.mux1                                                     |    <0.001 |
|                 NFFT_4096_or_8192.rk0                                                      |    <0.001 |
|                 last_rk_reg                                                                |    <0.001 |
|                 m1.mux_n_128                                                               |    <0.001 |
|                 m2.mux_n_512                                                               |    <0.001 |
|                 m3.mux_n_2048                                                              |    <0.001 |
|                 mux_addr0                                                                  |    <0.001 |
|                 mux_addr1                                                                  |    <0.001 |
|                 mux_addr2                                                                  |    <0.001 |
|                 mux_addr3                                                                  |    <0.001 |
|                 shift_reg_ctrl                                                             |    <0.001 |
|                 shift_reg_one_hot                                                          |    <0.001 |
|                 sub                                                                        |    <0.001 |
|                   subtracter                                                               |    <0.001 |
|                     i_baseblox.i_baseblox_addsub                                           |    <0.001 |
|                       no_pipelining.the_addsub                                             |    <0.001 |
|                         i_lut6.i_lut6_addsub                                               |    <0.001 |
|                           i_q.i_simple.qreg                                                |    <0.001 |
|                 switch                                                                     |    <0.001 |
|                 u0                                                                         |    <0.001 |
|                 u1                                                                         |    <0.001 |
|                 u1_bypass                                                                  |    <0.001 |
|                 u2_bypass                                                                  |    <0.001 |
|               twiddle_address_generator                                                    |     0.002 |
|                 N_MAX_P4.p4                                                                |     0.002 |
|                   N_MAX_4096.mux1                                                          |    <0.001 |
|                   N_MAX_4096_MUX_FOR_P2.mux                                                |    <0.001 |
|                     four_to_one.four_to_one_mux                                            |    <0.001 |
|                   tw3_add_addsub.tw3_add                                                   |    <0.001 |
|                     i_baseblox.i_baseblox_addsub                                           |    <0.001 |
|                       no_pipelining.the_addsub                                             |    <0.001 |
|                         i_lut6.i_lut6_addsub                                               |    <0.001 |
|               twiddle_generator1                                                           |     0.003 |
|                 tw1.twgen1                                                                 |     0.003 |
|                   cos_addr_2s_comp                                                         |    <0.001 |
|                   rom_addr_zero_compare                                                    |    <0.001 |
|                   sin_addr_2s_comp                                                         |    <0.001 |
|               twiddle_generator2                                                           |     0.003 |
|                 tw1.twgen1                                                                 |     0.003 |
|                   cos_addr_2s_comp                                                         |    <0.001 |
|                   rom_addr_zero_compare                                                    |    <0.001 |
|                   sin_addr_2s_comp                                                         |    <0.001 |
|               twiddle_generator3                                                           |     0.003 |
|                 tw1.twgen1                                                                 |     0.003 |
|                   cos_addr_2s_comp                                                         |    <0.001 |
|                   rom_addr_zero_compare                                                    |    <0.001 |
|                   sin_addr_2s_comp                                                         |    <0.001 |
|             single_channel.datapath                                                        |     0.076 |
|               bfp_scaling.input_ranger_inst                                                |    <0.001 |
|                 max_finder                                                                 |    <0.001 |
|               bfp_scaling.pe_ranger_inst                                                   |    <0.001 |
|                 ranger_ai                                                                  |    <0.001 |
|                 ranger_ar                                                                  |    <0.001 |
|                 ranger_bi                                                                  |    <0.001 |
|                 ranger_br                                                                  |    <0.001 |
|                 ranger_ci                                                                  |    <0.001 |
|                 ranger_cr                                                                  |    <0.001 |
|                 ranger_di                                                                  |    <0.001 |
|                 ranger_dr                                                                  |    <0.001 |
|               bfp_scaling.scale_calc                                                       |    <0.001 |
|               delay_twiddle_3_negate                                                       |    <0.001 |
|                 no_sclr_lut.real_shift_ram.use_baseblock.not_use_hlutnm_srls.i_shift_ram   |    <0.001 |
|                   i_bb_inst                                                                |    <0.001 |
|               i_switch_im                                                                  |     0.001 |
|                 o0_gen                                                                     |    <0.001 |
|                 o1_gen                                                                     |    <0.001 |
|                 o2_gen                                                                     |    <0.001 |
|                 o3_gen                                                                     |    <0.001 |
|               i_switch_re                                                                  |     0.001 |
|                 o0_gen                                                                     |    <0.001 |
|                 o1_gen                                                                     |    <0.001 |
|                 o2_gen                                                                     |    <0.001 |
|                 o3_gen                                                                     |    <0.001 |
|               input_delay_im                                                               |    <0.001 |
|               input_delay_re                                                               |    <0.001 |
|               input_muxes[0].write_data_im_mux                                             |    <0.001 |
|               input_muxes[0].write_data_re_mux                                             |    <0.001 |
|               input_muxes[1].write_data_im_mux                                             |    <0.001 |
|               input_muxes[1].write_data_re_mux                                             |    <0.001 |
|               input_muxes[2].write_data_im_mux                                             |    <0.001 |
|               input_muxes[2].write_data_re_mux                                             |    <0.001 |
|               input_muxes[3].write_data_im_mux                                             |    <0.001 |
|               input_muxes[3].write_data_re_mux                                             |    <0.001 |
|               memories[0].blkmem_gen.use_bram_only.dpms                                    |     0.003 |
|               memories[1].blkmem_gen.use_bram_only.dpms                                    |     0.003 |
|               memories[2].blkmem_gen.use_bram_only.dpms                                    |     0.003 |
|               memories[3].blkmem_gen.use_bram_only.dpms                                    |     0.003 |
|               o_switch_im                                                                  |     0.002 |
|                 o0_gen                                                                     |    <0.001 |
|                 o1_gen                                                                     |    <0.001 |
|                 o2_gen                                                                     |    <0.001 |
|                 o3_gen                                                                     |    <0.001 |
|               o_switch_re                                                                  |     0.002 |
|                 o0_gen                                                                     |    <0.001 |
|                 o1_gen                                                                     |    <0.001 |
|                 o2_gen                                                                     |    <0.001 |
|                 o3_gen                                                                     |    <0.001 |
|               output_selector_im                                                           |    <0.001 |
|               output_selector_re                                                           |    <0.001 |
|               pe                                                                           |     0.054 |
|                 mult_gen.Mult1                                                             |     0.007 |
|                   i_cmpy                                                                   |     0.007 |
|                     three_mult_structure.use_dsp.i_dsp48                                   |     0.007 |
|                       dsp_preadder_1.reg_mult1_preadd_d                                    |    <0.001 |
|                       mult1_preadder_d_plus_a.mult1                                        |     0.002 |
|                         mult                                                               |     0.002 |
|                           use_prim.iAdelx[0].iAdely[0].use_delay_line.Adelay               |    <0.001 |
|                           use_prim.iBdelx[0].iBdely[0].need_delay_line.Bdelay              |    <0.001 |
|                       mult2_preadder_d_plus_a.mult2                                        |     0.002 |
|                         mult                                                               |     0.002 |
|                       mult3_preadder_d_minus_a.mult3                                       |     0.002 |
|                         mult                                                               |     0.002 |
|                           use_prim.iBdelx[0].iBdely[0].need_delay_line.Bdelay              |    <0.001 |
|                       optionally_negate_inputs                                             |     0.001 |
|                 mult_gen.Mult2                                                             |     0.008 |
|                   i_cmpy                                                                   |     0.008 |
|                     three_mult_structure.use_dsp.i_dsp48                                   |     0.008 |
|                       dsp_preadder_1.reg_mult1_preadd_d                                    |    <0.001 |
|                       mult1_preadder_d_plus_a.mult1                                        |     0.002 |
|                         mult                                                               |     0.002 |
|                           use_prim.iAdelx[0].iAdely[0].use_delay_line.Adelay               |    <0.001 |
|                           use_prim.iBdelx[0].iBdely[0].need_delay_line.Bdelay              |    <0.001 |
|                       mult2_preadder_d_plus_a.mult2                                        |     0.002 |
|                         mult                                                               |     0.002 |
|                       mult3_preadder_d_minus_a.mult3                                       |     0.002 |
|                         mult                                                               |     0.002 |
|                           use_prim.iBdelx[0].iBdely[0].need_delay_line.Bdelay              |    <0.001 |
|                       optionally_negate_inputs                                             |     0.001 |
|                 mult_gen.Mult3                                                             |     0.008 |
|                   i_cmpy                                                                   |     0.008 |
|                     three_mult_structure.use_dsp.i_dsp48                                   |     0.008 |
|                       dsp_preadder_1.reg_mult1_preadd_d                                    |    <0.001 |
|                       mult1_preadder_d_plus_a.mult1                                        |     0.003 |
|                         mult                                                               |     0.003 |
|                           use_prim.iAdelx[0].iAdely[0].use_delay_line.Adelay               |    <0.001 |
|                           use_prim.iBdelx[0].iBdely[0].need_delay_line.Bdelay              |    <0.001 |
|                       mult2_preadder_d_plus_a.mult2                                        |     0.002 |
|                         mult                                                               |     0.002 |
|                       mult3_preadder_d_minus_a.mult3                                       |     0.002 |
|                         mult                                                               |     0.002 |
|                           use_prim.iBdelx[0].iBdely[0].need_delay_line.Bdelay              |    <0.001 |
|                       optionally_negate_inputs                                             |     0.002 |
|                 mult_gen.dsp48_dragonfly.dragonfly_inst                                    |     0.013 |
|                   BF_0                                                                     |     0.002 |
|                     dsp48e_simd.bf_dsp48e_simd_bypass                                      |     0.002 |
|                   BF_1                                                                     |     0.003 |
|                     dsp48e_simd.bf_dsp48e_simd_mul_j_byp                                   |     0.003 |
|                   BF_2                                                                     |     0.002 |
|                     dsp48e_simd.bf_dsp48e_simd                                             |     0.002 |
|                   BF_3                                                                     |     0.002 |
|                     dsp48e_simd.bf_dsp48e_simd                                             |     0.002 |
|                   needs_bypass_balancer.bypass_balancer                                    |    <0.001 |
|                 mult_gen.pipeline_balancer_im                                              |    <0.001 |
|                 mult_gen.pipeline_balancer_re                                              |    <0.001 |
|                 rounder_inst.with_mults.rounder_0i                                         |    <0.001 |
|                   gated_incrementer                                                        |    <0.001 |
|                     i_baseblox.i_baseblox_addsub                                           |    <0.001 |
|                       no_pipelining.the_addsub                                             |    <0.001 |
|                         i_lut6.i_lut6_addsub                                               |    <0.001 |
|                   pos_fullscale_detect                                                     |    <0.001 |
|                   reg_gate.delay_d_2                                                       |    <0.001 |
|                 rounder_inst.with_mults.rounder_0r                                         |    <0.001 |
|                   gated_incrementer                                                        |    <0.001 |
|                     i_baseblox.i_baseblox_addsub                                           |    <0.001 |
|                       no_pipelining.the_addsub                                             |    <0.001 |
|                         i_lut6.i_lut6_addsub                                               |    <0.001 |
|                   pos_fullscale_detect                                                     |    <0.001 |
|                   reg_gate.delay_d_2                                                       |    <0.001 |
|                 rounder_inst.with_mults.rounder_1i                                         |    <0.001 |
|                   gated_incrementer                                                        |    <0.001 |
|                     i_baseblox.i_baseblox_addsub                                           |    <0.001 |
|                       no_pipelining.the_addsub                                             |    <0.001 |
|                         i_lut6.i_lut6_addsub                                               |    <0.001 |
|                   pos_fullscale_detect                                                     |    <0.001 |
|                   reg_gate.delay_d_2                                                       |    <0.001 |
|                 rounder_inst.with_mults.rounder_1r                                         |    <0.001 |
|                   gated_incrementer                                                        |    <0.001 |
|                     i_baseblox.i_baseblox_addsub                                           |    <0.001 |
|                       no_pipelining.the_addsub                                             |    <0.001 |
|                         i_lut6.i_lut6_addsub                                               |    <0.001 |
|                   pos_fullscale_detect                                                     |    <0.001 |
|                   reg_gate.delay_d_2                                                       |    <0.001 |
|                 rounder_inst.with_mults.rounder_2i                                         |    <0.001 |
|                   gated_incrementer                                                        |    <0.001 |
|                     i_baseblox.i_baseblox_addsub                                           |    <0.001 |
|                       no_pipelining.the_addsub                                             |    <0.001 |
|                         i_lut6.i_lut6_addsub                                               |    <0.001 |
|                   pos_fullscale_detect                                                     |    <0.001 |
|                   reg_gate.delay_d_2                                                       |    <0.001 |
|                 rounder_inst.with_mults.rounder_2r                                         |    <0.001 |
|                   gated_incrementer                                                        |    <0.001 |
|                     i_baseblox.i_baseblox_addsub                                           |    <0.001 |
|                       no_pipelining.the_addsub                                             |    <0.001 |
|                         i_lut6.i_lut6_addsub                                               |    <0.001 |
|                   pos_fullscale_detect                                                     |    <0.001 |
|                   reg_gate.delay_d_2                                                       |    <0.001 |
|                 rounder_inst.with_mults.rounder_3i                                         |    <0.001 |
|                   gated_incrementer                                                        |    <0.001 |
|                     i_baseblox.i_baseblox_addsub                                           |    <0.001 |
|                       no_pipelining.the_addsub                                             |    <0.001 |
|                         i_lut6.i_lut6_addsub                                               |    <0.001 |
|                   pos_fullscale_detect                                                     |    <0.001 |
|                   reg_gate.delay_d_2                                                       |    <0.001 |
|                 rounder_inst.with_mults.rounder_3r                                         |    <0.001 |
|                   gated_incrementer                                                        |    <0.001 |
|                     i_baseblox.i_baseblox_addsub                                           |    <0.001 |
|                       no_pipelining.the_addsub                                             |    <0.001 |
|                         i_lut6.i_lut6_addsub                                               |    <0.001 |
|                   pos_fullscale_detect                                                     |    <0.001 |
|                   reg_gate.delay_d_2                                                       |    <0.001 |
|                 scaler_gen.scaler_0i                                                       |    <0.001 |
|                   scale_mux                                                                |    <0.001 |
|                 scaler_gen.scaler_0r                                                       |    <0.001 |
|                   scale_mux                                                                |    <0.001 |
|                 scaler_gen.scaler_1i                                                       |    <0.001 |
|                   scale_mux                                                                |    <0.001 |
|                 scaler_gen.scaler_1r                                                       |    <0.001 |
|                   scale_mux                                                                |    <0.001 |
|                 scaler_gen.scaler_2i                                                       |    <0.001 |
|                   scale_mux                                                                |    <0.001 |
|                 scaler_gen.scaler_2r                                                       |    <0.001 |
|                   scale_mux                                                                |    <0.001 |
|                 scaler_gen.scaler_3i                                                       |    <0.001 |
|                   scale_mux                                                                |    <0.001 |
|                 scaler_gen.scaler_3r                                                       |    <0.001 |
|                   scale_mux                                                                |    <0.001 |
|   fft_ram                                                                                  |     0.002 |
|     U0                                                                                     |     0.002 |
|       inst_blk_mem_gen                                                                     |     0.002 |
|         gnativebmg.native_blk_mem_gen                                                      |     0.002 |
|           valid.cstr                                                                       |     0.002 |
|             ramloop[0].ram.r                                                               |     0.002 |
|               prim_noinit.ram                                                              |     0.002 |
|   input_ram                                                                                |     0.004 |
|     U0                                                                                     |     0.004 |
|       inst_blk_mem_gen                                                                     |     0.004 |
|         gnativebmg.native_blk_mem_gen                                                      |     0.004 |
|           valid.cstr                                                                       |     0.004 |
|             ramloop[0].ram.r                                                               |     0.002 |
|               prim_init.ram                                                                |     0.002 |
|             ramloop[1].ram.r                                                               |     0.002 |
|               prim_init.ram                                                                |     0.002 |
|   vga_comp/clk_wiz                                                                         |     0.115 |
|     U0                                                                                     |     0.115 |
+--------------------------------------------------------------------------------------------+-----------+


